Archive member included because of file (symbol)

c:/program files (x86)/atmel/studio/7.0/toolchain/arm/arm-gnu-toolchain/bin/../lib/gcc/arm-none-eabi/4.9.3/armv6-m\libgcc.a(_udivsi3.o)
                              src/asf/sam0/drivers/system/clock/clock_samd21_r21_da/clock.o (__aeabi_uidiv)
c:/program files (x86)/atmel/studio/7.0/toolchain/arm/arm-gnu-toolchain/bin/../lib/gcc/arm-none-eabi/4.9.3/armv6-m\libgcc.a(_dvmd_tls.o)
                              c:/program files (x86)/atmel/studio/7.0/toolchain/arm/arm-gnu-toolchain/bin/../lib/gcc/arm-none-eabi/4.9.3/armv6-m\libgcc.a(_udivsi3.o) (__aeabi_idiv0)
c:/program files (x86)/atmel/studio/7.0/toolchain/arm/arm-gnu-toolchain/bin/../lib/gcc/arm-none-eabi/4.9.3/armv6-m\libgcc.a(_muldi3.o)
                              src/asf/sam0/drivers/sercom/sercom.o (__aeabi_lmul)
c:/program files (x86)/atmel/studio/7.0/toolchain/arm/arm-gnu-toolchain/bin/../lib/gcc/arm-none-eabi/4.9.3/armv6-m\libgcc.a(_fixunssfsi.o)
                              src/main.o (__aeabi_f2uiz)
c:/program files (x86)/atmel/studio/7.0/toolchain/arm/arm-gnu-toolchain/bin/../lib/gcc/arm-none-eabi/4.9.3/armv6-m\libgcc.a(divsf3.o)
                              src/main.o (__aeabi_fdiv)
c:/program files (x86)/atmel/studio/7.0/toolchain/arm/arm-gnu-toolchain/bin/../lib/gcc/arm-none-eabi/4.9.3/armv6-m\libgcc.a(mulsf3.o)
                              src/main.o (__aeabi_fmul)
c:/program files (x86)/atmel/studio/7.0/toolchain/arm/arm-gnu-toolchain/bin/../lib/gcc/arm-none-eabi/4.9.3/armv6-m\libgcc.a(subsf3.o)
                              c:/program files (x86)/atmel/studio/7.0/toolchain/arm/arm-gnu-toolchain/bin/../lib/gcc/arm-none-eabi/4.9.3/armv6-m\libgcc.a(_fixunssfsi.o) (__aeabi_fsub)
c:/program files (x86)/atmel/studio/7.0/toolchain/arm/arm-gnu-toolchain/bin/../lib/gcc/arm-none-eabi/4.9.3/armv6-m\libgcc.a(fixsfsi.o)
                              c:/program files (x86)/atmel/studio/7.0/toolchain/arm/arm-gnu-toolchain/bin/../lib/gcc/arm-none-eabi/4.9.3/armv6-m\libgcc.a(_fixunssfsi.o) (__aeabi_f2iz)
c:/program files (x86)/atmel/studio/7.0/toolchain/arm/arm-gnu-toolchain/bin/../lib/gcc/arm-none-eabi/4.9.3/armv6-m\libgcc.a(floatsisf.o)
                              src/main.o (__aeabi_i2f)
c:/program files (x86)/atmel/studio/7.0/toolchain/arm/arm-gnu-toolchain/bin/../lib/gcc/arm-none-eabi/4.9.3/armv6-m\libgcc.a(_arm_cmpsf2.o)
                              c:/program files (x86)/atmel/studio/7.0/toolchain/arm/arm-gnu-toolchain/bin/../lib/gcc/arm-none-eabi/4.9.3/armv6-m\libgcc.a(_fixunssfsi.o) (__aeabi_fcmpge)
c:/program files (x86)/atmel/studio/7.0/toolchain/arm/arm-gnu-toolchain/bin/../lib/gcc/arm-none-eabi/4.9.3/armv6-m\libgcc.a(_clzsi2.o)
                              c:/program files (x86)/atmel/studio/7.0/toolchain/arm/arm-gnu-toolchain/bin/../lib/gcc/arm-none-eabi/4.9.3/armv6-m\libgcc.a(divsf3.o) (__clzsi2)
c:/program files (x86)/atmel/studio/7.0/toolchain/arm/arm-gnu-toolchain/bin/../lib/gcc/arm-none-eabi/4.9.3/armv6-m\libgcc.a(eqsf2.o)
                              c:/program files (x86)/atmel/studio/7.0/toolchain/arm/arm-gnu-toolchain/bin/../lib/gcc/arm-none-eabi/4.9.3/armv6-m\libgcc.a(_arm_cmpsf2.o) (__eqsf2)
c:/program files (x86)/atmel/studio/7.0/toolchain/arm/arm-gnu-toolchain/bin/../lib/gcc/arm-none-eabi/4.9.3/armv6-m\libgcc.a(gesf2.o)
                              c:/program files (x86)/atmel/studio/7.0/toolchain/arm/arm-gnu-toolchain/bin/../lib/gcc/arm-none-eabi/4.9.3/armv6-m\libgcc.a(_arm_cmpsf2.o) (__gesf2)
c:/program files (x86)/atmel/studio/7.0/toolchain/arm/arm-gnu-toolchain/bin/../lib/gcc/arm-none-eabi/4.9.3/armv6-m\libgcc.a(lesf2.o)
                              c:/program files (x86)/atmel/studio/7.0/toolchain/arm/arm-gnu-toolchain/bin/../lib/gcc/arm-none-eabi/4.9.3/armv6-m\libgcc.a(_arm_cmpsf2.o) (__lesf2)
c:/program files (x86)/atmel/studio/7.0/toolchain/arm/arm-gnu-toolchain/bin/../lib/gcc/arm-none-eabi/4.9.3/../../../../arm-none-eabi/lib/armv6-m\libc_nano.a(lib_a-exit.o)
                              c:/program files (x86)/atmel/studio/7.0/toolchain/arm/arm-gnu-toolchain/bin/../lib/gcc/arm-none-eabi/4.9.3/../../../../arm-none-eabi/lib/armv6-m/crt0.o (exit)
c:/program files (x86)/atmel/studio/7.0/toolchain/arm/arm-gnu-toolchain/bin/../lib/gcc/arm-none-eabi/4.9.3/../../../../arm-none-eabi/lib/armv6-m\libc_nano.a(lib_a-impure.o)
                              c:/program files (x86)/atmel/studio/7.0/toolchain/arm/arm-gnu-toolchain/bin/../lib/gcc/arm-none-eabi/4.9.3/../../../../arm-none-eabi/lib/armv6-m\libc_nano.a(lib_a-exit.o) (_global_impure_ptr)
c:/program files (x86)/atmel/studio/7.0/toolchain/arm/arm-gnu-toolchain/bin/../lib/gcc/arm-none-eabi/4.9.3/../../../../arm-none-eabi/lib/armv6-m\libc_nano.a(lib_a-init.o)
                              c:/program files (x86)/atmel/studio/7.0/toolchain/arm/arm-gnu-toolchain/bin/../lib/gcc/arm-none-eabi/4.9.3/../../../../arm-none-eabi/lib/armv6-m/crt0.o (__libc_init_array)
[...]
Memory Configuration

Name             Origin             Length             Attributes
rom              0x00000000         0x00040000         xr
ram              0x20000000         0x00008000         xrw
*default*        0x00000000         0xffffffff

Linker script and memory map

LOAD c:/program files (x86)/atmel/studio/7.0/toolchain/arm/arm-gnu-toolchain/bin/../lib/gcc/arm-none-eabi/4.9.3/armv6-m/crti.o
LOAD c:/program files (x86)/atmel/studio/7.0/toolchain/arm/arm-gnu-toolchain/bin/../lib/gcc/arm-none-eabi/4.9.3/armv6-m/crtbegin.o
LOAD c:/program files (x86)/atmel/studio/7.0/toolchain/arm/arm-gnu-toolchain/bin/../lib/gcc/arm-none-eabi/4.9.3/../../../../arm-none-eabi/lib/armv6-m/crt0.o
LOAD src/asf/sam0/drivers/sercom/sercom.o
LOAD src/asf/sam0/utils/stdio/read.o
LOAD src/asf/sam0/utils/stdio/write.o
LOAD src/asf/thirdparty/freertos/freertos-7.4.2/source/croutine.o
LOAD src/asf/thirdparty/freertos/freertos-7.4.2/source/portable/gcc/arm_cm0/port.o
LOAD src/asf/thirdparty/freertos/freertos-7.4.2/source/portable/memmang/heap_1.o
LOAD src/asf/thirdparty/freertos/freertos-7.4.2/source/list.o
LOAD src/asf/thirdparty/freertos/freertos-7.4.2/source/queue.o
LOAD src/asf/thirdparty/freertos/freertos-7.4.2/source/tasks.o
LOAD src/asf/thirdparty/freertos/freertos-7.4.2/source/timers.o
LOAD src/asf/sam0/drivers/sercom/usart/usart.o
LOAD src/asf/sam0/drivers/sercom/usart/usart_interrupt.o
LOAD src/asf/sam0/drivers/sercom/spi/spi.o
LOAD src/asf/sam0/drivers/sercom/sercom_interrupt.o
LOAD src/asf/common/utils/interrupt/interrupt_sam_nvic.o
LOAD src/asf/sam0/boards/samd21_xplained_pro/board_init.o
LOAD src/asf/sam0/drivers/port/port.o
LOAD src/asf/sam0/drivers/system/clock/clock_samd21_r21_da/clock.o
LOAD src/asf/sam0/drivers/system/clock/clock_samd21_r21_da/gclk.o
LOAD src/asf/sam0/drivers/system/interrupt/system_interrupt.o
LOAD src/asf/sam0/drivers/system/pinmux/pinmux.o
LOAD src/asf/sam0/drivers/system/system.o
LOAD src/asf/sam0/utils/cmsis/samd21/source/gcc/startup_samd21.o
LOAD src/asf/sam0/utils/cmsis/samd21/source/system_samd21.o
LOAD src/asf/sam0/utils/syscalls/gcc/syscalls.o
LOAD src/main.o
START GROUP
LOAD ../src/ASF/thirdparty/CMSIS/Lib/GCC\libarm_cortexM0l_math.a
LOAD c:/program files (x86)/atmel/studio/7.0/toolchain/arm/arm-gnu-toolchain/bin/../lib/gcc/arm-none-eabi/4.9.3/../../../../arm-none-eabi/lib/armv6-m\libm.a
END GROUP
START GROUP
LOAD c:/program files (x86)/atmel/studio/7.0/toolchain/arm/arm-gnu-toolchain/bin/../lib/gcc/arm-none-eabi/4.9.3/armv6-m\libgcc.a
LOAD c:/program files (x86)/atmel/studio/7.0/toolchain/arm/arm-gnu-toolchain/bin/../lib/gcc/arm-none-eabi/4.9.3/../../../../arm-none-eabi/lib/armv6-m\libc_nano.a
END GROUP
START GROUP
LOAD c:/program files (x86)/atmel/studio/7.0/toolchain/arm/arm-gnu-toolchain/bin/../lib/gcc/arm-none-eabi/4.9.3/armv6-m\libgcc.a
LOAD c:/program files (x86)/atmel/studio/7.0/toolchain/arm/arm-gnu-toolchain/bin/../lib/gcc/arm-none-eabi/4.9.3/../../../../arm-none-eabi/lib/armv6-m\libc_nano.a
END GROUP
LOAD c:/program files (x86)/atmel/studio/7.0/toolchain/arm/arm-gnu-toolchain/bin/../lib/gcc/arm-none-eabi/4.9.3/armv6-m/crtend.o
LOAD c:/program files (x86)/atmel/studio/7.0/toolchain/arm/arm-gnu-toolchain/bin/../lib/gcc/arm-none-eabi/4.9.3/armv6-m/crtn.o
                0x00002000                STACK_SIZE = DEFINED (STACK_SIZE)?STACK_SIZE:DEFINED (__stack_size__)?__stack_size__:0x2000

.text           0x00000000     0x3380
                0x00000000                . = ALIGN (0x4)
                0x00000000                _sfixed = .
 *(.vectors .vectors.*)
 .vectors       0x00000000       0xb4 src/asf/sam0/utils/cmsis/samd21/source/gcc/startup_samd21.o
                0x00000000                exception_table
 *(.text .text.* .gnu.linkonce.t.*)
 .text          0x000000b4       0x60 c:/program files (x86)/atmel/studio/7.0/toolchain/arm/arm-gnu-toolchain/bin/../lib/gcc/arm-none-eabi/4.9.3/armv6-m/crtbegin.o
 .text._sercom_get_sync_baud_val
                0x00000114       0x28 src/asf/sam0/drivers/sercom/sercom.o
                0x00000114                _sercom_get_sync_baud_val
 .text._sercom_get_async_baud_val
                0x0000013c      0x1ec src/asf/sam0/drivers/sercom/sercom.o
                0x0000013c                _sercom_get_async_baud_val
 .text.sercom_set_gclk_generator
                0x00000328       0x48 src/asf/sam0/drivers/sercom/sercom.o
                0x00000328                sercom_set_gclk_generator
 .text._sercom_get_default_pad
                0x00000370      0x160 src/asf/sam0/drivers/sercom/sercom.o
                0x00000370                _sercom_get_default_pad
 .text._sercom_get_sercom_inst_index
                0x000004d0       0x64 src/asf/sam0/drivers/sercom/sercom.o
                0x000004d0                _sercom_get_sercom_inst_index
 .text._read    0x00000534       0x44 src/asf/sam0/utils/stdio/read.o
                0x00000534                _read
 .text._write   0x00000578       0x4c src/asf/sam0/utils/stdio/write.o
                0x00000578                _write
 .text.SVC_Handler
                0x000005c4       0x28 src/asf/thirdparty/freertos/freertos-7.4.2/source/portable/gcc/arm_cm0/port.o
                0x000005c4                SVC_Handler
 .text.PendSV_Handler
                0x000005ec       0x44 src/asf/thirdparty/freertos/freertos-7.4.2/source/portable/gcc/arm_cm0/port.o
                0x000005ec                PendSV_Handler
 .text.SysTick_Handler
                0x00000630       0x1c src/asf/thirdparty/freertos/freertos-7.4.2/source/portable/gcc/arm_cm0/port.o
                0x00000630                SysTick_Handler
 .text.vListInsertEnd
                0x0000064c       0x1c src/asf/thirdparty/freertos/freertos-7.4.2/source/list.o
                0x0000064c                vListInsertEnd
 .text.uxListRemove
                0x00000668       0x28 src/asf/thirdparty/freertos/freertos-7.4.2/source/list.o
                0x00000668                uxListRemove
 .text.unlikely.prvCopyDataToQueue
                0x00000690       0x6c src/asf/thirdparty/freertos/freertos-7.4.2/source/queue.o
 .text.prvNotifyQueueSetContainer
                0x000006fc       0x50 src/asf/thirdparty/freertos/freertos-7.4.2/source/queue.o
 .text.xQueueGenericSendFromISR
                0x0000074c       0x84 src/asf/thirdparty/freertos/freertos-7.4.2/source/queue.o
                0x0000074c                xQueueGenericSendFromISR
 .text.vTaskIncrementTick
                0x000007d0      0x124 src/asf/thirdparty/freertos/freertos-7.4.2/source/tasks.o
                0x000007d0                vTaskIncrementTick
 .text.vTaskSwitchContext
                0x000008f4       0x7c src/asf/thirdparty/freertos/freertos-7.4.2/source/tasks.o
                0x000008f4                vTaskSwitchContext
 .text.xTaskRemoveFromEventList
                0x00000970       0x78 src/asf/thirdparty/freertos/freertos-7.4.2/source/tasks.o
                0x00000970                xTaskRemoveFromEventList
 .text.vTaskPriorityDisinherit
                0x000009e8       0x50 src/asf/thirdparty/freertos/freertos-7.4.2/source/tasks.o
                0x000009e8                vTaskPriorityDisinherit
 .text.usart_init
                0x00000a38      0x328 src/asf/sam0/drivers/sercom/usart/usart.o
                0x00000a38                usart_init
 .text.usart_write_wait
                0x00000d60       0x2c src/asf/sam0/drivers/sercom/usart/usart.o
                0x00000d60                usart_write_wait
 .text.usart_read_wait
                0x00000d8c       0x70 src/asf/sam0/drivers/sercom/usart/usart.o
                0x00000d8c                usart_read_wait
 .text.usart_register_callback
                0x00000dfc       0x18 src/asf/sam0/drivers/sercom/usart/usart_interrupt.o
                0x00000dfc                usart_register_callback
 .text._usart_interrupt_handler
                0x00000e14      0x190 src/asf/sam0/drivers/sercom/usart/usart_interrupt.o
                0x00000e14                _usart_interrupt_handler
 .text.spi_set_baudrate
                0x00000fa4       0x7c src/asf/sam0/drivers/sercom/spi/spi.o
                0x00000fa4                spi_set_baudrate
 .text.spi_init
                0x00001020      0x4dc src/asf/sam0/drivers/sercom/spi/spi.o
                0x00001020                spi_init
 .text.spi_select_slave
                0x000014fc       0xdc src/asf/sam0/drivers/sercom/spi/spi.o
                0x000014fc                spi_select_slave
 .text.spi_write_buffer_wait
                0x000015d8      0x1ec src/asf/sam0/drivers/sercom/spi/spi.o
                0x000015d8                spi_write_buffer_wait
 .text._sercom_default_handler
                0x000017c4        0x4 src/asf/sam0/drivers/sercom/sercom_interrupt.o
 .text._sercom_set_handler
                0x000017c8       0x44 src/asf/sam0/drivers/sercom/sercom_interrupt.o
                0x000017c8                _sercom_set_handler
 .text._sercom_get_interrupt_vector
                0x0000180c       0x2c src/asf/sam0/drivers/sercom/sercom_interrupt.o
                0x0000180c                _sercom_get_interrupt_vector
 .text.SERCOM0_Handler
                0x00001838       0x10 src/asf/sam0/drivers/sercom/sercom_interrupt.o
                0x00001838                SERCOM0_Handler
 .text.SERCOM1_Handler
                0x00001848       0x10 src/asf/sam0/drivers/sercom/sercom_interrupt.o
                0x00001848                SERCOM1_Handler
 .text.SERCOM2_Handler
                0x00001858       0x10 src/asf/sam0/drivers/sercom/sercom_interrupt.o
                0x00001858                SERCOM2_Handler
 .text.SERCOM3_Handler
                0x00001868       0x10 src/asf/sam0/drivers/sercom/sercom_interrupt.o
                0x00001868                SERCOM3_Handler
 .text.SERCOM4_Handler
                0x00001878       0x10 src/asf/sam0/drivers/sercom/sercom_interrupt.o
                0x00001878                SERCOM4_Handler
 .text.SERCOM5_Handler
                0x00001888       0x10 src/asf/sam0/drivers/sercom/sercom_interrupt.o
                0x00001888                SERCOM5_Handler
 .text.cpu_irq_enter_critical
                0x00001898       0x3c src/asf/common/utils/interrupt/interrupt_sam_nvic.o
                0x00001898                cpu_irq_enter_critical
 .text.cpu_irq_leave_critical
                0x000018d4       0x30 src/asf/common/utils/interrupt/interrupt_sam_nvic.o
                0x000018d4                cpu_irq_leave_critical
 .text.system_board_init
                0x00001904       0x38 src/asf/sam0/boards/samd21_xplained_pro/board_init.o
                0x00001904                board_init
                0x00001904                system_board_init
 .text.port_pin_set_config
                0x0000193c       0x24 src/asf/sam0/drivers/port/port.o
                0x0000193c                port_pin_set_config
 .text.system_clock_source_get_hz
                0x00001960       0x8c src/asf/sam0/drivers/system/clock/clock_samd21_r21_da/clock.o
                0x00001960                system_clock_source_get_hz
 .text.system_clock_source_xosc32k_set_config
                0x000019ec       0xd8 src/asf/sam0/drivers/system/clock/clock_samd21_r21_da/clock.o
                0x000019ec                system_clock_source_xosc32k_set_config
 .text.system_clock_source_dfll_set_config
                0x00001ac4       0x80 src/asf/sam0/drivers/system/clock/clock_samd21_r21_da/clock.o
                0x00001ac4                system_clock_source_dfll_set_config
 .text.system_clock_source_enable
                0x00001b44       0xa4 src/asf/sam0/drivers/system/clock/clock_samd21_r21_da/clock.o
                0x00001b44                system_clock_source_enable
 .text.system_clock_init
                0x00001be8       0x98 src/asf/sam0/drivers/system/clock/clock_samd21_r21_da/clock.o
                0x00001be8                system_clock_init
 .text.system_gclk_init
                0x00001c80       0x24 src/asf/sam0/drivers/system/clock/clock_samd21_r21_da/gclk.o
                0x00001c80                system_gclk_init
 .text.system_gclk_gen_set_config
                0x00001ca4       0xb0 src/asf/sam0/drivers/system/clock/clock_samd21_r21_da/gclk.o
                0x00001ca4                system_gclk_gen_set_config
 .text.system_gclk_gen_enable
                0x00001d54       0x44 src/asf/sam0/drivers/system/clock/clock_samd21_r21_da/gclk.o
                0x00001d54                system_gclk_gen_enable
 .text.system_gclk_chan_set_config
                0x00001d98       0x64 src/asf/sam0/drivers/system/clock/clock_samd21_r21_da/gclk.o
                0x00001d98                system_gclk_chan_set_config
 .text.system_gclk_chan_enable
                0x00001dfc       0x30 src/asf/sam0/drivers/system/clock/clock_samd21_r21_da/gclk.o
                0x00001dfc                system_gclk_chan_enable
 .text.system_gclk_chan_get_hz
                0x00001e2c       0xa4 src/asf/sam0/drivers/system/clock/clock_samd21_r21_da/gclk.o
                0x00001e2c                system_gclk_chan_get_hz
 .text.system_pinmux_pin_set_config
                0x00001ed0       0xd0 src/asf/sam0/drivers/system/pinmux/pinmux.o
                0x00001ed0                system_pinmux_pin_set_config
 .text._system_dummy_init
                0x00001fa0        0x4 src/asf/sam0/drivers/system/system.o
                0x00001fa0                _system_extint_init
                0x00001fa0                _system_events_init
                0x00001fa0                _system_dummy_init
                0x00001fa0                _system_divas_init
 .text.system_init
                0x00001fa4       0x2c src/asf/sam0/drivers/system/system.o
                0x00001fa4                system_init
 .text.Dummy_Handler
                0x00001fd0        0x4 src/asf/sam0/utils/cmsis/samd21/source/gcc/startup_samd21.o
                0x00001fd0                DMAC_Handler
                0x00001fd0                HardFault_Handler
                0x00001fd0                AC_Handler
                0x00001fd0                NMI_Handler
                0x00001fd0                TC7_Handler
                0x00001fd0                ADC_Handler
                0x00001fd0                TCC1_Handler
                0x00001fd0                TCC0_Handler
                0x00001fd0                RTC_Handler
                0x00001fd0                EIC_Handler
                0x00001fd0                TC6_Handler
                0x00001fd0                WDT_Handler
                0x00001fd0                TC4_Handler
                0x00001fd0                USB_Handler
                0x00001fd0                TC3_Handler
                0x00001fd0                Dummy_Handler
                0x00001fd0                PM_Handler
                0x00001fd0                TCC2_Handler
                0x00001fd0                EVSYS_Handler
                0x00001fd0                I2S_Handler
                0x00001fd0                NVMCTRL_Handler
                0x00001fd0                DAC_Handler
                0x00001fd0                PTC_Handler
                0x00001fd0                TC5_Handler
                0x00001fd0                SYSCTRL_Handler
 .text.Reset_Handler
                0x00001fd4       0xd4 src/asf/sam0/utils/cmsis/samd21/source/gcc/startup_samd21.o
                0x00001fd4                Reset_Handler
 .text._sbrk    0x000020a8       0x1c src/asf/sam0/utils/syscalls/gcc/syscalls.o
                0x000020a8                _sbrk
 .text._close   0x000020c4        0x8 src/asf/sam0/utils/syscalls/gcc/syscalls.o
                0x000020c4                _close
 .text._fstat   0x000020cc        0xc src/asf/sam0/utils/syscalls/gcc/syscalls.o
                0x000020cc                _fstat
 .text._isatty  0x000020d8        0x4 src/asf/sam0/utils/syscalls/gcc/syscalls.o
                0x000020d8                _isatty
 .text._lseek   0x000020dc        0x4 src/asf/sam0/utils/syscalls/gcc/syscalls.o
                0x000020dc                _lseek
 .text.usart_serial_getchar
                0x000020e0       0x28 src/main.o
 .text.usart_serial_putchar
                0x00002108       0x18 src/main.o
 .text.usart_read_callback
                0x00002120       0x44 src/main.o
                0x00002120                usart_read_callback
 .text.dfll_setup
                0x00002164       0x68 src/main.o
                0x00002164                dfll_setup
 .text.configure_extosc32k
                0x000021cc       0x34 src/main.o
                0x000021cc                configure_extosc32k
 .text.configure_gclock_generator
                0x00002200       0x30 src/main.o
                0x00002200                configure_gclock_generator
 .text.configure_gclock_channel
                0x00002230       0x24 src/main.o
                0x00002230                configure_gclock_channel
 .text.configure_usart
                0x00002254       0xc0 src/main.o
                0x00002254                configure_usart
 .text.configure_usart_callbacks
                0x00002314       0x28 src/main.o
                0x00002314                configure_usart_callbacks
 .text.configure_usart_EDBG
                0x0000233c       0xf4 src/main.o
                0x0000233c                configure_usart_EDBG
 .text.configure_spi_master
                0x00002430       0xd4 src/main.o
                0x00002430                configure_spi_master
 .text.startup.main
                0x00002504      0x130 src/main.o
                0x00002504                main
 .text          0x00002634      0x120 c:/program files (x86)/atmel/studio/7.0/toolchain/arm/arm-gnu-toolchain/bin/../lib/gcc/arm-none-eabi/4.9.3/armv6-m\libgcc.a(_udivsi3.o)
                0x00002634                __aeabi_uidiv
                0x00002634                __udivsi3
                0x00002740                __aeabi_uidivmod
 .text          0x00002754        0x4 c:/program files (x86)/atmel/studio/7.0/toolchain/arm/arm-gnu-toolchain/bin/../lib/gcc/arm-none-eabi/4.9.3/armv6-m\libgcc.a(_dvmd_tls.o)
                0x00002754                __aeabi_idiv0
                0x00002754                __aeabi_ldiv0
 .text          0x00002758       0x54 c:/program files (x86)/atmel/studio/7.0/toolchain/arm/arm-gnu-toolchain/bin/../lib/gcc/arm-none-eabi/4.9.3/armv6-m\libgcc.a(_muldi3.o)
                0x00002758                __muldi3
                0x00002758                __aeabi_lmul
 .text.__libc_init_array
                0x000027ac       0x4c c:/program files (x86)/atmel/studio/7.0/toolchain/arm/arm-gnu-toolchain/bin/../lib/gcc/arm-none-eabi/4.9.3/../../../../arm-none-eabi/lib/armv6-m\libc_nano.a(lib_a-init.o)
                0x000027ac                __libc_init_array
 .text.memcpy   0x000027f8       0x12 c:/program files (x86)/atmel/studio/7.0/toolchain/arm/arm-gnu-toolchain/bin/../lib/gcc/arm-none-eabi/4.9.3/../../../../arm-none-eabi/lib/armv6-m\libc_nano.a(lib_a-memcpy.o)
                0x000027f8                memcpy
 .text.memset   0x0000280a       0x10 c:/program files (x86)/atmel/studio/7.0/toolchain/arm/arm-gnu-toolchain/bin/../lib/gcc/arm-none-eabi/4.9.3/../../../../arm-none-eabi/lib/armv6-m\libc_nano.a(lib_a-memset.o)
                0x0000280a                memset
 .text._puts_r  0x0000281a       0xc2 c:/program files (x86)/atmel/studio/7.0/toolchain/arm/arm-gnu-toolchain/bin/../lib/gcc/arm-none-eabi/4.9.3/../../../../arm-none-eabi/lib/armv6-m\libc_nano.a(lib_a-puts.o)
                0x0000281a                _puts_r
 .text.puts     0x000028dc       0x14 c:/program files (x86)/atmel/studio/7.0/toolchain/arm/arm-gnu-toolchain/bin/../lib/gcc/arm-none-eabi/4.9.3/../../../../arm-none-eabi/lib/armv6-m\libc_nano.a(lib_a-puts.o)
                0x000028dc                puts
 .text.setbuf   0x000028f0       0x12 c:/program files (x86)/atmel/studio/7.0/toolchain/arm/arm-gnu-toolchain/bin/../lib/gcc/arm-none-eabi/4.9.3/../../../../arm-none-eabi/lib/armv6-m\libc_nano.a(lib_a-setbuf.o)
                0x000028f0                setbuf
 *fill*         0x00002902        0x2 
 .text.setvbuf  0x00002904      0x10c c:/program files (x86)/atmel/studio/7.0/toolchain/arm/arm-gnu-toolchain/bin/../lib/gcc/arm-none-eabi/4.9.3/../../../../arm-none-eabi/lib/armv6-m\libc_nano.a(lib_a-setvbuf.o)
                0x00002904                setvbuf
 .text.__swbuf_r
                0x00002a10       0xb0 c:/program files (x86)/atmel/studio/7.0/toolchain/arm/arm-gnu-toolchain/bin/../lib/gcc/arm-none-eabi/4.9.3/../../../../arm-none-eabi/lib/armv6-m\libc_nano.a(lib_a-wbuf.o)
                0x00002a10                __swbuf_r
 .text.__swsetup_r
                0x00002ac0       0xe8 c:/program files (x86)/atmel/studio/7.0/toolchain/arm/arm-gnu-toolchain/bin/../lib/gcc/arm-none-eabi/4.9.3/../../../../arm-none-eabi/lib/armv6-m\libc_nano.a(lib_a-wsetup.o)
                0x00002ac0                __swsetup_r
 .text.__sflush_r
                0x00002ba8      0x112 c:/program files (x86)/atmel/studio/7.0/toolchain/arm/arm-gnu-toolchain/bin/../lib/gcc/arm-none-eabi/4.9.3/../../../../arm-none-eabi/lib/armv6-m\libc_nano.a(lib_a-fflush.o)
                0x00002ba8                __sflush_r
 *fill*         0x00002cba        0x2 
 .text._fflush_r
                0x00002cbc       0x58 c:/program files (x86)/atmel/studio/7.0/toolchain/arm/arm-gnu-toolchain/bin/../lib/gcc/arm-none-eabi/4.9.3/../../../../arm-none-eabi/lib/armv6-m\libc_nano.a(lib_a-fflush.o)
                0x00002cbc                _fflush_r
 .text._cleanup_r
                0x00002d14       0x10 c:/program files (x86)/atmel/studio/7.0/toolchain/arm/arm-gnu-toolchain/bin/../lib/gcc/arm-none-eabi/4.9.3/../../../../arm-none-eabi/lib/armv6-m\libc_nano.a(lib_a-findfp.o)
                0x00002d14                _cleanup_r
 .text.std.isra.0
                0x00002d24       0x48 c:/program files (x86)/atmel/studio/7.0/toolchain/arm/arm-gnu-toolchain/bin/../lib/gcc/arm-none-eabi/4.9.3/../../../../arm-none-eabi/lib/armv6-m\libc_nano.a(lib_a-findfp.o)
 .text.__sfmoreglue
                0x00002d6c       0x2c c:/program files (x86)/atmel/studio/7.0/toolchain/arm/arm-gnu-toolchain/bin/../lib/gcc/arm-none-eabi/4.9.3/../../../../arm-none-eabi/lib/armv6-m\libc_nano.a(lib_a-findfp.o)
                0x00002d6c                __sfmoreglue
 .text.__sinit  0x00002d98       0x64 c:/program files (x86)/atmel/studio/7.0/toolchain/arm/arm-gnu-toolchain/bin/../lib/gcc/arm-none-eabi/4.9.3/../../../../arm-none-eabi/lib/armv6-m\libc_nano.a(lib_a-findfp.o)
                0x00002d98                __sinit
 .text.__sfp    0x00002dfc       0x7c c:/program files (x86)/atmel/studio/7.0/toolchain/arm/arm-gnu-toolchain/bin/../lib/gcc/arm-none-eabi/4.9.3/../../../../arm-none-eabi/lib/armv6-m\libc_nano.a(lib_a-findfp.o)
                0x00002dfc                __sfp
 .text._fwalk_reent
                0x00002e78       0x42 c:/program files (x86)/atmel/studio/7.0/toolchain/arm/arm-gnu-toolchain/bin/../lib/gcc/arm-none-eabi/4.9.3/../../../../arm-none-eabi/lib/armv6-m\libc_nano.a(lib_a-fwalk.o)
                0x00002e78                _fwalk_reent
 *fill*         0x00002eba        0x2 
 .text.__smakebuf_r
                0x00002ebc       0xb0 c:/program files (x86)/atmel/studio/7.0/toolchain/arm/arm-gnu-toolchain/bin/../lib/gcc/arm-none-eabi/4.9.3/../../../../arm-none-eabi/lib/armv6-m\libc_nano.a(lib_a-makebuf.o)
                0x00002ebc                __smakebuf_r
 .text.malloc   0x00002f6c       0x14 c:/program files (x86)/atmel/studio/7.0/toolchain/arm/arm-gnu-toolchain/bin/../lib/gcc/arm-none-eabi/4.9.3/../../../../arm-none-eabi/lib/armv6-m\libc_nano.a(lib_a-malloc.o)
                0x00002f6c                malloc
 .text._free_r  0x00002f80       0x8c c:/program files (x86)/atmel/studio/7.0/toolchain/arm/arm-gnu-toolchain/bin/../lib/gcc/arm-none-eabi/4.9.3/../../../../arm-none-eabi/lib/armv6-m\libc_nano.a(lib_a-nano-freer.o)
                0x00002f80                _free_r
 .text._malloc_r
                0x0000300c       0xb0 c:/program files (x86)/atmel/studio/7.0/toolchain/arm/arm-gnu-toolchain/bin/../lib/gcc/arm-none-eabi/4.9.3/../../../../arm-none-eabi/lib/armv6-m\libc_nano.a(lib_a-nano-mallocr.o)
                0x0000300c                _malloc_r
 .text._sbrk_r  0x000030bc       0x24 c:/program files (x86)/atmel/studio/7.0/toolchain/arm/arm-gnu-toolchain/bin/../lib/gcc/arm-none-eabi/4.9.3/../../../../arm-none-eabi/lib/armv6-m\libc_nano.a(lib_a-sbrkr.o)
                0x000030bc                _sbrk_r
 .text.__sread  0x000030e0       0x28 c:/program files (x86)/atmel/studio/7.0/toolchain/arm/arm-gnu-toolchain/bin/../lib/gcc/arm-none-eabi/4.9.3/../../../../arm-none-eabi/lib/armv6-m\libc_nano.a(lib_a-stdio.o)
                0x000030e0                __sread
 .text.__swrite
                0x00003108       0x38 c:/program files (x86)/atmel/studio/7.0/toolchain/arm/arm-gnu-toolchain/bin/../lib/gcc/arm-none-eabi/4.9.3/../../../../arm-none-eabi/lib/armv6-m\libc_nano.a(lib_a-stdio.o)
                0x00003108                __swrite
 .text.__sseek  0x00003140       0x2c c:/program files (x86)/atmel/studio/7.0/toolchain/arm/arm-gnu-toolchain/bin/../lib/gcc/arm-none-eabi/4.9.3/../../../../arm-none-eabi/lib/armv6-m\libc_nano.a(lib_a-stdio.o)
                0x00003140                __sseek
 .text.__sclose
                0x0000316c        0xc c:/program files (x86)/atmel/studio/7.0/toolchain/arm/arm-gnu-toolchain/bin/../lib/gcc/arm-none-eabi/4.9.3/../../../../arm-none-eabi/lib/armv6-m\libc_nano.a(lib_a-stdio.o)
                0x0000316c                __sclose
 .text._write_r
                0x00003178       0x28 c:/program files (x86)/atmel/studio/7.0/toolchain/arm/arm-gnu-toolchain/bin/../lib/gcc/arm-none-eabi/4.9.3/../../../../arm-none-eabi/lib/armv6-m\libc_nano.a(lib_a-writer.o)
                0x00003178                _write_r
 .text._close_r
                0x000031a0       0x24 c:/program files (x86)/atmel/studio/7.0/toolchain/arm/arm-gnu-toolchain/bin/../lib/gcc/arm-none-eabi/4.9.3/../../../../arm-none-eabi/lib/armv6-m\libc_nano.a(lib_a-closer.o)
                0x000031a0                _close_r
 .text._fstat_r
                0x000031c4       0x24 c:/program files (x86)/atmel/studio/7.0/toolchain/arm/arm-gnu-toolchain/bin/../lib/gcc/arm-none-eabi/4.9.3/../../../../arm-none-eabi/lib/armv6-m\libc_nano.a(lib_a-fstatr.o)
                0x000031c4                _fstat_r
 .text._isatty_r
                0x000031e8       0x24 c:/program files (x86)/atmel/studio/7.0/toolchain/arm/arm-gnu-toolchain/bin/../lib/gcc/arm-none-eabi/4.9.3/../../../../arm-none-eabi/lib/armv6-m\libc_nano.a(lib_a-isattyr.o)
                0x000031e8                _isatty_r
 .text._lseek_r
                0x0000320c       0x28 c:/program files (x86)/atmel/studio/7.0/toolchain/arm/arm-gnu-toolchain/bin/../lib/gcc/arm-none-eabi/4.9.3/../../../../arm-none-eabi/lib/armv6-m\libc_nano.a(lib_a-lseekr.o)
                0x0000320c                _lseek_r
 .text._read_r  0x00003234       0x28 c:/program files (x86)/atmel/studio/7.0/toolchain/arm/arm-gnu-toolchain/bin/../lib/gcc/arm-none-eabi/4.9.3/../../../../arm-none-eabi/lib/armv6-m\libc_nano.a(lib_a-readr.o)
                0x00003234                _read_r
 *(.glue_7t)
 .glue_7t       0x00000000        0x0 linker stubs
 *(.glue_7)
 .glue_7        0x00000000        0x0 linker stubs
 *(.rodata .rodata* .gnu.linkonce.r.*)
 .rodata        0x0000325c       0x18 src/asf/sam0/drivers/sercom/sercom.o
 .rodata        0x00003274        0x6 src/asf/sam0/drivers/sercom/sercom_interrupt.o
 *fill*         0x0000327a        0x2 
 .rodata.system_clock_source_get_hz
                0x0000327c       0x24 src/asf/sam0/drivers/system/clock/clock_samd21_r21_da/clock.o
 .rodata.system_clock_source_enable
                0x000032a0       0x24 src/asf/sam0/drivers/system/clock/clock_samd21_r21_da/clock.o
 .rodata.str1.4
                0x000032c4       0x34 src/main.o
 .rodata.str1.1
                0x000032f8        0x2 c:/program files (x86)/atmel/studio/7.0/toolchain/arm/arm-gnu-toolchain/bin/../lib/gcc/arm-none-eabi/4.9.3/../../../../arm-none-eabi/lib/armv6-m\libc_nano.a(lib_a-impure.o)
 *fill*         0x000032fa        0x2 
 .rodata._global_impure_ptr
                0x000032fc        0x4 c:/program files (x86)/atmel/studio/7.0/toolchain/arm/arm-gnu-toolchain/bin/../lib/gcc/arm-none-eabi/4.9.3/../../../../arm-none-eabi/lib/armv6-m\libc_nano.a(lib_a-impure.o)
                0x000032fc                _global_impure_ptr
 .rodata.__sf_fake_stdin
                0x00003300       0x20 c:/program files (x86)/atmel/studio/7.0/toolchain/arm/arm-gnu-toolchain/bin/../lib/gcc/arm-none-eabi/4.9.3/../../../../arm-none-eabi/lib/armv6-m\libc_nano.a(lib_a-findfp.o)
                0x00003300                __sf_fake_stdin
 .rodata.__sf_fake_stdout
                0x00003320       0x20 c:/program files (x86)/atmel/studio/7.0/toolchain/arm/arm-gnu-toolchain/bin/../lib/gcc/arm-none-eabi/4.9.3/../../../../arm-none-eabi/lib/armv6-m\libc_nano.a(lib_a-findfp.o)
                0x00003320                __sf_fake_stdout
 .rodata.__sf_fake_stderr
                0x00003340       0x20 c:/program files (x86)/atmel/studio/7.0/toolchain/arm/arm-gnu-toolchain/bin/../lib/gcc/arm-none-eabi/4.9.3/../../../../arm-none-eabi/lib/armv6-m\libc_nano.a(lib_a-findfp.o)
                0x00003340                __sf_fake_stderr
 *(.ARM.extab* .gnu.linkonce.armextab.*)
                0x00003360                . = ALIGN (0x4)
 *(.init)
 .init          0x00003360        0x4 c:/program files (x86)/atmel/studio/7.0/toolchain/arm/arm-gnu-toolchain/bin/../lib/gcc/arm-none-eabi/4.9.3/armv6-m/crti.o
                0x00003360                _init
 .init          0x00003364        0x8 c:/program files (x86)/atmel/studio/7.0/toolchain/arm/arm-gnu-toolchain/bin/../lib/gcc/arm-none-eabi/4.9.3/armv6-m/crtn.o
                0x0000336c                . = ALIGN (0x4)
                0x0000336c                __preinit_array_start = .
 *(.preinit_array)
                0x0000336c                __preinit_array_end = .
                0x0000336c                . = ALIGN (0x4)
                0x0000336c                __init_array_start = .
 *(SORT(.init_array.*))
 *(.init_array)
 .init_array    0x0000336c        0x4 c:/program files (x86)/atmel/studio/7.0/toolchain/arm/arm-gnu-toolchain/bin/../lib/gcc/arm-none-eabi/4.9.3/armv6-m/crtbegin.o
                0x00003370                __init_array_end = .
                0x00003370                . = ALIGN (0x4)
 *crtbegin.o(.ctors)
 *(EXCLUDE_FILE(*crtend.o) .ctors)
 *(SORT(.ctors.*))
 *crtend.o(.ctors)
                0x00003370                . = ALIGN (0x4)
 *(.fini)
 .fini          0x00003370        0x4 c:/program files (x86)/atmel/studio/7.0/toolchain/arm/arm-gnu-toolchain/bin/../lib/gcc/arm-none-eabi/4.9.3/armv6-m/crti.o
                0x00003370                _fini
 .fini          0x00003374        0x8 c:/program files (x86)/atmel/studio/7.0/toolchain/arm/arm-gnu-toolchain/bin/../lib/gcc/arm-none-eabi/4.9.3/armv6-m/crtn.o
                0x0000337c                . = ALIGN (0x4)
                0x0000337c                __fini_array_start = .
 *(.fini_array)
 .fini_array    0x0000337c        0x4 c:/program files (x86)/atmel/studio/7.0/toolchain/arm/arm-gnu-toolchain/bin/../lib/gcc/arm-none-eabi/4.9.3/armv6-m/crtbegin.o
 *(SORT(.fini_array.*))
                0x00003380                __fini_array_end = .
 *crtbegin.o(.dtors)
 *(EXCLUDE_FILE(*crtend.o) .dtors)
 *(SORT(.dtors.*))
 *crtend.o(.dtors)
                0x00003380                . = ALIGN (0x4)
                0x00003380                _efixed = .
                0x00003380                PROVIDE (__exidx_start, .)

.vfp11_veneer   0x00003380        0x0
 .vfp11_veneer  0x00000000        0x0 linker stubs

.v4_bx          0x00003380        0x0
 .v4_bx         0x00000000        0x0 linker stubs

.iplt           0x00003380        0x0
 .iplt          0x00000000        0x0 c:/program files (x86)/atmel/studio/7.0/toolchain/arm/arm-gnu-toolchain/bin/../lib/gcc/arm-none-eabi/4.9.3/armv6-m/crtbegin.o

.eh_frame       0x00003380        0x0
 .eh_frame      0x00003380        0x0 c:/program files (x86)/atmel/studio/7.0/toolchain/arm/arm-gnu-toolchain/bin/../lib/gcc/arm-none-eabi/4.9.3/armv6-m/crtbegin.o

.rel.dyn        0x00003380        0x0
 .rel.iplt      0x00000000        0x0 c:/program files (x86)/atmel/studio/7.0/toolchain/arm/arm-gnu-toolchain/bin/../lib/gcc/arm-none-eabi/4.9.3/armv6-m/crtbegin.o

.jcr            0x00003380        0x0
 .jcr           0x00003380        0x0 c:/program files (x86)/atmel/studio/7.0/toolchain/arm/arm-gnu-toolchain/bin/../lib/gcc/arm-none-eabi/4.9.3/armv6-m/crtbegin.o

.igot.plt       0x00003380        0x0
 .igot.plt      0x00000000        0x0 c:/program files (x86)/atmel/studio/7.0/toolchain/arm/arm-gnu-toolchain/bin/../lib/gcc/arm-none-eabi/4.9.3/armv6-m/crtbegin.o

.ARM.exidx
 *(.ARM.exidx* .gnu.linkonce.armexidx.*)
                0x00003380                PROVIDE (__exidx_end, .)
                0x00003380                . = ALIGN (0x4)
                0x00003380                _etext = .

.relocate       0x20000000       0x6c load address 0x00003380
                0x20000000                . = ALIGN (0x4)
                0x20000000                _srelocate = .
 *(.ramfunc .ramfunc.*)
 *(.data .data.*)
 .data.xNextTaskUnblockTime
                0x20000000        0x4 src/asf/thirdparty/freertos/freertos-7.4.2/source/tasks.o
 .data.g_interrupt_enabled
                0x20000004        0x1 src/asf/common/utils/interrupt/interrupt_sam_nvic.o
                0x20000004                g_interrupt_enabled
 *fill*         0x20000005        0x3 
 .data.impure_data
                0x20000008       0x60 c:/program files (x86)/atmel/studio/7.0/toolchain/arm/arm-gnu-toolchain/bin/../lib/gcc/arm-none-eabi/4.9.3/../../../../arm-none-eabi/lib/armv6-m\libc_nano.a(lib_a-impure.o)
 .data._impure_ptr
                0x20000068        0x4 c:/program files (x86)/atmel/studio/7.0/toolchain/arm/arm-gnu-toolchain/bin/../lib/gcc/arm-none-eabi/4.9.3/../../../../arm-none-eabi/lib/armv6-m\libc_nano.a(lib_a-impure.o)
                0x20000068                _impure_ptr
                0x2000006c                . = ALIGN (0x4)
                0x2000006c                _erelocate = .

.bss            0x2000006c      0x1fc load address 0x000033ec
                0x2000006c                . = ALIGN (0x4)
                0x2000006c                _sbss = .
                0x2000006c                _szero = .
 *(.bss .bss.*)
 .bss           0x2000006c       0x1c c:/program files (x86)/atmel/studio/7.0/toolchain/arm/arm-gnu-toolchain/bin/../lib/gcc/arm-none-eabi/4.9.3/armv6-m/crtbegin.o
 .bss._sercom_config
                0x20000088        0x2 src/asf/sam0/drivers/sercom/sercom.o
 *fill*         0x2000008a        0x2 
 .bss.uxMissedTicks
                0x2000008c        0x4 src/asf/thirdparty/freertos/freertos-7.4.2/source/tasks.o
 .bss.pxDelayedTaskList
                0x20000090        0x4 src/asf/thirdparty/freertos/freertos-7.4.2/source/tasks.o
 .bss.pxReadyTasksLists
                0x20000094       0x64 src/asf/thirdparty/freertos/freertos-7.4.2/source/tasks.o
 .bss.uxSchedulerSuspended
                0x200000f8        0x4 src/asf/thirdparty/freertos/freertos-7.4.2/source/tasks.o
 .bss.pxCurrentTCB
                0x200000fc        0x4 src/asf/thirdparty/freertos/freertos-7.4.2/source/tasks.o
                0x200000fc                pxCurrentTCB
 .bss.xPendingReadyList
                0x20000100       0x14 src/asf/thirdparty/freertos/freertos-7.4.2/source/tasks.o
 .bss.xNumOfOverflows
                0x20000114        0x4 src/asf/thirdparty/freertos/freertos-7.4.2/source/tasks.o
 .bss.xTickCount
                0x20000118        0x4 src/asf/thirdparty/freertos/freertos-7.4.2/source/tasks.o
 .bss.pxOverflowDelayedTaskList
                0x2000011c        0x4 src/asf/thirdparty/freertos/freertos-7.4.2/source/tasks.o
 .bss.uxTopReadyPriority
                0x20000120        0x4 src/asf/thirdparty/freertos/freertos-7.4.2/source/tasks.o
 .bss.xMissedYield
                0x20000124        0x4 src/asf/thirdparty/freertos/freertos-7.4.2/source/tasks.o
 .bss._handler_table_initialized
                0x20000128        0x1 src/asf/sam0/drivers/sercom/sercom_interrupt.o
 *fill*         0x20000129        0x3 
 .bss._sercom_interrupt_handlers
                0x2000012c       0x18 src/asf/sam0/drivers/sercom/sercom_interrupt.o
 .bss.cpu_irq_critical_section_counter
                0x20000144        0x4 src/asf/common/utils/interrupt/interrupt_sam_nvic.o
 .bss.cpu_irq_prev_interrupt_state
                0x20000148        0x1 src/asf/common/utils/interrupt/interrupt_sam_nvic.o
 *fill*         0x20000149        0x3 
 .bss._system_clock_inst
                0x2000014c       0x18 src/asf/sam0/drivers/system/clock/clock_samd21_r21_da/clock.o
 .bss.heap.5211
                0x20000164        0x4 src/asf/sam0/utils/syscalls/gcc/syscalls.o
 .bss.sample_buffer
                0x20000168        0x2 src/main.o
 *fill*         0x2000016a        0x2 
 .bss.active_voices
                0x2000016c       0x30 src/main.o
 .bss.__malloc_sbrk_start
                0x2000019c        0x4 c:/program files (x86)/atmel/studio/7.0/toolchain/arm/arm-gnu-toolchain/bin/../lib/gcc/arm-none-eabi/4.9.3/../../../../arm-none-eabi/lib/armv6-m\libc_nano.a(lib_a-nano-mallocr.o)
                0x2000019c                __malloc_sbrk_start
 .bss.__malloc_free_list
                0x200001a0        0x4 c:/program files (x86)/atmel/studio/7.0/toolchain/arm/arm-gnu-toolchain/bin/../lib/gcc/arm-none-eabi/4.9.3/../../../../arm-none-eabi/lib/armv6-m\libc_nano.a(lib_a-nano-mallocr.o)
                0x200001a0                __malloc_free_list
 *(COMMON)
 COMMON         0x200001a4        0x4 src/asf/sam0/utils/stdio/read.o
                0x200001a4                ptr_get
 COMMON         0x200001a8        0x8 src/asf/sam0/utils/stdio/write.o
                0x200001a8                ptr_put
                0x200001ac                stdio_base
 COMMON         0x200001b0       0x18 src/asf/sam0/drivers/sercom/sercom_interrupt.o
                0x200001b0                _sercom_instances
 COMMON         0x200001c8       0x9b src/main.o
                0x200001c8                UART_buffer
                0x200001d4                j
                0x200001d8                n
                0x200001dc                usart_instance
                0x20000210                usart_instance_EDBG
                0x20000244                messageQueue
                0x20000248                sampleQueue
                0x2000024c                SPI_union
                0x20000250                UARTsem
                0x20000254                spi_master_instance
                0x20000260                slave
 *fill*         0x20000263        0x1 
 COMMON         0x20000264        0x4 c:/program files (x86)/atmel/studio/7.0/toolchain/arm/arm-gnu-toolchain/bin/../lib/gcc/arm-none-eabi/4.9.3/../../../../arm-none-eabi/lib/armv6-m\libc_nano.a(lib_a-reent.o)
                0x20000264                errno
                0x20000268                . = ALIGN (0x4)
                0x20000268                _ebss = .
                0x20000268                _ezero = .

.stack          0x20000268     0x2000 load address 0x000035e8
                0x20000268                . = ALIGN (0x8)
                0x20000268                _sstack = .
                0x20002268                . = (. + STACK_SIZE)
 *fill*         0x20000268     0x2000 
                0x20002268                . = ALIGN (0x8)
                0x20002268                _estack = .
                0x20002268                . = ALIGN (0x4)
                0x20002268                _end = .
OUTPUT(FreeRTOS_Digital_Synth.elf elf32-littlearm)

.ARM.attributes
                0x00000000       0x28
 .ARM.attributes
                0x00000000       0x1e c:/program files (x86)/atmel/studio/7.0/toolchain/arm/arm-gnu-toolchain/bin/../lib/gcc/arm-none-eabi/4.9.3/armv6-m/crti.o
 .ARM.attributes
                0x0000001e       0x2c c:/program files (x86)/atmel/studio/7.0/toolchain/arm/arm-gnu-toolchain/bin/../lib/gcc/arm-none-eabi/4.9.3/armv6-m/crtbegin.o
 .ARM.attributes
                0x0000004a       0x32 src/asf/sam0/drivers/sercom/sercom.o
 .ARM.attributes
                0x0000007c       0x32 src/asf/sam0/utils/stdio/read.o
 .ARM.attributes
                0x000000ae       0x32 src/asf/sam0/utils/stdio/write.o
 .ARM.attributes
                0x000000e0       0x32 src/asf/thirdparty/freertos/freertos-7.4.2/source/portable/gcc/arm_cm0/port.o
 .ARM.attributes
                0x00000112       0x32 src/asf/thirdparty/freertos/freertos-7.4.2/source/list.o
 .ARM.attributes
                0x00000144       0x32 src/asf/thirdparty/freertos/freertos-7.4.2/source/queue.o
 .ARM.attributes
                0x00000176       0x32 src/asf/thirdparty/freertos/freertos-7.4.2/source/tasks.o
 .ARM.attributes
                0x000001a8       0x32 src/asf/sam0/drivers/sercom/usart/usart.o
 .ARM.attributes
                0x000001da       0x32 src/asf/sam0/drivers/sercom/usart/usart_interrupt.o
 .ARM.attributes
                0x0000020c       0x32 src/asf/sam0/drivers/sercom/spi/spi.o
 .ARM.attributes
                0x0000023e       0x32 src/asf/sam0/drivers/sercom/sercom_interrupt.o
 .ARM.attributes
                0x00000270       0x32 src/asf/common/utils/interrupt/interrupt_sam_nvic.o
 .ARM.attributes
                0x000002a2       0x32 src/asf/sam0/boards/samd21_xplained_pro/board_init.o
 .ARM.attributes
                0x000002d4       0x32 src/asf/sam0/drivers/port/port.o
 .ARM.attributes
                0x00000306       0x32 src/asf/sam0/drivers/system/clock/clock_samd21_r21_da/clock.o
 .ARM.attributes
                0x00000338       0x32 src/asf/sam0/drivers/system/clock/clock_samd21_r21_da/gclk.o
 .ARM.attributes
                0x0000036a       0x32 src/asf/sam0/drivers/system/pinmux/pinmux.o
 .ARM.attributes
                0x0000039c       0x32 src/asf/sam0/drivers/system/system.o
 .ARM.attributes
                0x000003ce       0x32 src/asf/sam0/utils/cmsis/samd21/source/gcc/startup_samd21.o
 .ARM.attributes
                0x00000400       0x32 src/asf/sam0/utils/syscalls/gcc/syscalls.o
 .ARM.attributes
                0x00000432       0x32 src/main.o
 .ARM.attributes
                0x00000464       0x1e c:/program files (x86)/atmel/studio/7.0/toolchain/arm/arm-gnu-toolchain/bin/../lib/gcc/arm-none-eabi/4.9.3/armv6-m\libgcc.a(_udivsi3.o)
 .ARM.attributes
                0x00000482       0x1e c:/program files (x86)/atmel/studio/7.0/toolchain/arm/arm-gnu-toolchain/bin/../lib/gcc/arm-none-eabi/4.9.3/armv6-m\libgcc.a(_dvmd_tls.o)
 .ARM.attributes
                0x000004a0       0x2c c:/program files (x86)/atmel/studio/7.0/toolchain/arm/arm-gnu-toolchain/bin/../lib/gcc/arm-none-eabi/4.9.3/armv6-m\libgcc.a(_muldi3.o)
 .ARM.attributes
                0x000004cc       0x2c c:/program files (x86)/atmel/studio/7.0/toolchain/arm/arm-gnu-toolchain/bin/../lib/gcc/arm-none-eabi/4.9.3/../../../../arm-none-eabi/lib/armv6-m\libc_nano.a(lib_a-impure.o)
 .ARM.attributes
                0x000004f8       0x2c c:/program files (x86)/atmel/studio/7.0/toolchain/arm/arm-gnu-toolchain/bin/../lib/gcc/arm-none-eabi/4.9.3/../../../../arm-none-eabi/lib/armv6-m\libc_nano.a(lib_a-init.o)
 .ARM.attributes
                0x00000524       0x2c c:/program files (x86)/atmel/studio/7.0/toolchain/arm/arm-gnu-toolchain/bin/../lib/gcc/arm-none-eabi/4.9.3/../../../../arm-none-eabi/lib/armv6-m\libc_nano.a(lib_a-memcpy.o)
 .ARM.attributes
                0x00000550       0x2c c:/program files (x86)/atmel/studio/7.0/toolchain/arm/arm-gnu-toolchain/bin/../lib/gcc/arm-none-eabi/4.9.3/../../../../arm-none-eabi/lib/armv6-m\libc_nano.a(lib_a-memset.o)
 .ARM.attributes
                0x0000057c       0x2c c:/program files (x86)/atmel/studio/7.0/toolchain/arm/arm-gnu-toolchain/bin/../lib/gcc/arm-none-eabi/4.9.3/../../../../arm-none-eabi/lib/armv6-m\libc_nano.a(lib_a-puts.o)
 .ARM.attributes
                0x000005a8       0x2c c:/program files (x86)/atmel/studio/7.0/toolchain/arm/arm-gnu-toolchain/bin/../lib/gcc/arm-none-eabi/4.9.3/../../../../arm-none-eabi/lib/armv6-m\libc_nano.a(lib_a-setbuf.o)
 .ARM.attributes
                0x000005d4       0x2c c:/program files (x86)/atmel/studio/7.0/toolchain/arm/arm-gnu-toolchain/bin/../lib/gcc/arm-none-eabi/4.9.3/../../../../arm-none-eabi/lib/armv6-m\libc_nano.a(lib_a-setvbuf.o)
 .ARM.attributes
                0x00000600       0x2c c:/program files (x86)/atmel/studio/7.0/toolchain/arm/arm-gnu-toolchain/bin/../lib/gcc/arm-none-eabi/4.9.3/../../../../arm-none-eabi/lib/armv6-m\libc_nano.a(lib_a-wbuf.o)
 .ARM.attributes
                0x0000062c       0x2c c:/program files (x86)/atmel/studio/7.0/toolchain/arm/arm-gnu-toolchain/bin/../lib/gcc/arm-none-eabi/4.9.3/../../../../arm-none-eabi/lib/armv6-m\libc_nano.a(lib_a-wsetup.o)
 .ARM.attributes
                0x00000658       0x2c c:/program files (x86)/atmel/studio/7.0/toolchain/arm/arm-gnu-toolchain/bin/../lib/gcc/arm-none-eabi/4.9.3/../../../../arm-none-eabi/lib/armv6-m\libc_nano.a(lib_a-fflush.o)
 .ARM.attributes
                0x00000684       0x2c c:/program files (x86)/atmel/studio/7.0/toolchain/arm/arm-gnu-toolchain/bin/../lib/gcc/arm-none-eabi/4.9.3/../../../../arm-none-eabi/lib/armv6-m\libc_nano.a(lib_a-findfp.o)
 .ARM.attributes
                0x000006b0       0x2c c:/program files (x86)/atmel/studio/7.0/toolchain/arm/arm-gnu-toolchain/bin/../lib/gcc/arm-none-eabi/4.9.3/../../../../arm-none-eabi/lib/armv6-m\libc_nano.a(lib_a-fwalk.o)
 .ARM.attributes
                0x000006dc       0x2c c:/program files (x86)/atmel/studio/7.0/toolchain/arm/arm-gnu-toolchain/bin/../lib/gcc/arm-none-eabi/4.9.3/../../../../arm-none-eabi/lib/armv6-m\libc_nano.a(lib_a-makebuf.o)
 .ARM.attributes
                0x00000708       0x2c c:/program files (x86)/atmel/studio/7.0/toolchain/arm/arm-gnu-toolchain/bin/../lib/gcc/arm-none-eabi/4.9.3/../../../../arm-none-eabi/lib/armv6-m\libc_nano.a(lib_a-malloc.o)
 .ARM.attributes
                0x00000734       0x2c c:/program files (x86)/atmel/studio/7.0/toolchain/arm/arm-gnu-toolchain/bin/../lib/gcc/arm-none-eabi/4.9.3/../../../../arm-none-eabi/lib/armv6-m\libc_nano.a(lib_a-nano-freer.o)
 .ARM.attributes
                0x00000760       0x2c c:/program files (x86)/atmel/studio/7.0/toolchain/arm/arm-gnu-toolchain/bin/../lib/gcc/arm-none-eabi/4.9.3/../../../../arm-none-eabi/lib/armv6-m\libc_nano.a(lib_a-nano-mallocr.o)
 .ARM.attributes
                0x0000078c       0x2c c:/program files (x86)/atmel/studio/7.0/toolchain/arm/arm-gnu-toolchain/bin/../lib/gcc/arm-none-eabi/4.9.3/../../../../arm-none-eabi/lib/armv6-m\libc_nano.a(lib_a-sbrkr.o)
 .ARM.attributes
                0x000007b8       0x2c c:/program files (x86)/atmel/studio/7.0/toolchain/arm/arm-gnu-toolchain/bin/../lib/gcc/arm-none-eabi/4.9.3/../../../../arm-none-eabi/lib/armv6-m\libc_nano.a(lib_a-stdio.o)
 .ARM.attributes
                0x000007e4       0x2c c:/program files (x86)/atmel/studio/7.0/toolchain/arm/arm-gnu-toolchain/bin/../lib/gcc/arm-none-eabi/4.9.3/../../../../arm-none-eabi/lib/armv6-m\libc_nano.a(lib_a-writer.o)
 .ARM.attributes
                0x00000810       0x2c c:/program files (x86)/atmel/studio/7.0/toolchain/arm/arm-gnu-toolchain/bin/../lib/gcc/arm-none-eabi/4.9.3/../../../../arm-none-eabi/lib/armv6-m\libc_nano.a(lib_a-closer.o)
 .ARM.attributes
                0x0000083c       0x2c c:/program files (x86)/atmel/studio/7.0/toolchain/arm/arm-gnu-toolchain/bin/../lib/gcc/arm-none-eabi/4.9.3/../../../../arm-none-eabi/lib/armv6-m\libc_nano.a(lib_a-fstatr.o)
 .ARM.attributes
                0x00000868       0x2c c:/program files (x86)/atmel/studio/7.0/toolchain/arm/arm-gnu-toolchain/bin/../lib/gcc/arm-none-eabi/4.9.3/../../../../arm-none-eabi/lib/armv6-m\libc_nano.a(lib_a-isattyr.o)
 .ARM.attributes
                0x00000894       0x2c c:/program files (x86)/atmel/studio/7.0/toolchain/arm/arm-gnu-toolchain/bin/../lib/gcc/arm-none-eabi/4.9.3/../../../../arm-none-eabi/lib/armv6-m\libc_nano.a(lib_a-lseekr.o)
 .ARM.attributes
                0x000008c0       0x2c c:/program files (x86)/atmel/studio/7.0/toolchain/arm/arm-gnu-toolchain/bin/../lib/gcc/arm-none-eabi/4.9.3/../../../../arm-none-eabi/lib/armv6-m\libc_nano.a(lib_a-readr.o)
 .ARM.attributes
                0x000008ec       0x2c c:/program files (x86)/atmel/studio/7.0/toolchain/arm/arm-gnu-toolchain/bin/../lib/gcc/arm-none-eabi/4.9.3/../../../../arm-none-eabi/lib/armv6-m\libc_nano.a(lib_a-reent.o)
 .ARM.attributes
                0x00000918       0x1e c:/program files (x86)/atmel/studio/7.0/toolchain/arm/arm-gnu-toolchain/bin/../lib/gcc/arm-none-eabi/4.9.3/armv6-m/crtn.o

.comment        0x00000000       0x5b
 .comment       0x00000000       0x5b src/asf/sam0/drivers/sercom/sercom.o
                                 0x5c (size before relaxing)
 .comment       0x00000000       0x5c src/asf/sam0/utils/stdio/read.o
 .comment       0x00000000       0x5c src/asf/sam0/utils/stdio/write.o
 .comment       0x00000000       0x5c src/asf/thirdparty/freertos/freertos-7.4.2/source/portable/gcc/arm_cm0/port.o
 .comment       0x00000000       0x5c src/asf/thirdparty/freertos/freertos-7.4.2/source/list.o
 .comment       0x00000000       0x5c src/asf/thirdparty/freertos/freertos-7.4.2/source/queue.o
 .comment       0x00000000       0x5c src/asf/thirdparty/freertos/freertos-7.4.2/source/tasks.o
 .comment       0x00000000       0x5c src/asf/sam0/drivers/sercom/usart/usart.o
 .comment       0x00000000       0x5c src/asf/sam0/drivers/sercom/usart/usart_interrupt.o
 .comment       0x00000000       0x5c src/asf/sam0/drivers/sercom/spi/spi.o
 .comment       0x00000000       0x5c src/asf/sam0/drivers/sercom/sercom_interrupt.o
 .comment       0x00000000       0x5c src/asf/common/utils/interrupt/interrupt_sam_nvic.o
 .comment       0x00000000       0x5c src/asf/sam0/boards/samd21_xplained_pro/board_init.o
 .comment       0x00000000       0x5c src/asf/sam0/drivers/port/port.o
 .comment       0x00000000       0x5c src/asf/sam0/drivers/system/clock/clock_samd21_r21_da/clock.o
 .comment       0x00000000       0x5c src/asf/sam0/drivers/system/clock/clock_samd21_r21_da/gclk.o
 .comment       0x00000000       0x5c src/asf/sam0/drivers/system/pinmux/pinmux.o
 .comment       0x00000000       0x5c src/asf/sam0/drivers/system/system.o
 .comment       0x00000000       0x5c src/asf/sam0/utils/cmsis/samd21/source/gcc/startup_samd21.o
 .comment       0x00000000       0x5c src/asf/sam0/utils/syscalls/gcc/syscalls.o
 .comment       0x00000000       0x5c src/main.o

.debug_info     0x00000000    0x23e49
 .debug_info    0x00000000     0x2544 src/asf/sam0/drivers/sercom/sercom.o
 .debug_info    0x00002544      0x1c2 src/asf/sam0/utils/stdio/read.o
 .debug_info    0x00002706      0x1bf src/asf/sam0/utils/stdio/write.o
 .debug_info    0x000028c5      0x210 src/asf/thirdparty/freertos/freertos-7.4.2/source/portable/gcc/arm_cm0/port.o
 .debug_info    0x00002ad5      0x2b7 src/asf/thirdparty/freertos/freertos-7.4.2/source/list.o
 .debug_info    0x00002d8c     0x13e4 src/asf/thirdparty/freertos/freertos-7.4.2/source/queue.o
 .debug_info    0x00004170     0x184b src/asf/thirdparty/freertos/freertos-7.4.2/source/tasks.o
 .debug_info    0x000059bb     0x4205 src/asf/sam0/drivers/sercom/usart/usart.o
 .debug_info    0x00009bc0     0x2936 src/asf/sam0/drivers/sercom/usart/usart_interrupt.o
 .debug_info    0x0000c4f6     0x5c44 src/asf/sam0/drivers/sercom/spi/spi.o
 .debug_info    0x0001213a     0x2335 src/asf/sam0/drivers/sercom/sercom_interrupt.o
 .debug_info    0x0001446f      0x1ec src/asf/common/utils/interrupt/interrupt_sam_nvic.o
 .debug_info    0x0001465b      0x970 src/asf/sam0/boards/samd21_xplained_pro/board_init.o
 .debug_info    0x00014fcb      0x968 src/asf/sam0/drivers/port/port.o
 .debug_info    0x00015933     0x2dd7 src/asf/sam0/drivers/system/clock/clock_samd21_r21_da/clock.o
 .debug_info    0x0001870a     0x1661 src/asf/sam0/drivers/system/clock/clock_samd21_r21_da/gclk.o
 .debug_info    0x00019d6b      0xb02 src/asf/sam0/drivers/system/pinmux/pinmux.o
 .debug_info    0x0001a86d      0x17a src/asf/sam0/drivers/system/system.o
 .debug_info    0x0001a9e7     0x3a90 src/asf/sam0/utils/cmsis/samd21/source/gcc/startup_samd21.o
 .debug_info    0x0001e477      0x429 src/asf/sam0/utils/syscalls/gcc/syscalls.o
 .debug_info    0x0001e8a0     0x55a9 src/main.o

.debug_abbrev   0x00000000     0x3548
 .debug_abbrev  0x00000000      0x2fc src/asf/sam0/drivers/sercom/sercom.o
 .debug_abbrev  0x000002fc      0x108 src/asf/sam0/utils/stdio/read.o
 .debug_abbrev  0x00000404       0xf5 src/asf/sam0/utils/stdio/write.o
 .debug_abbrev  0x000004f9      0x129 src/asf/thirdparty/freertos/freertos-7.4.2/source/portable/gcc/arm_cm0/port.o
 .debug_abbrev  0x00000622       0xfb src/asf/thirdparty/freertos/freertos-7.4.2/source/list.o
 .debug_abbrev  0x0000071d      0x297 src/asf/thirdparty/freertos/freertos-7.4.2/source/queue.o
 .debug_abbrev  0x000009b4      0x397 src/asf/thirdparty/freertos/freertos-7.4.2/source/tasks.o
 .debug_abbrev  0x00000d4b      0x41c src/asf/sam0/drivers/sercom/usart/usart.o
 .debug_abbrev  0x00001167      0x3f7 src/asf/sam0/drivers/sercom/usart/usart_interrupt.o
 .debug_abbrev  0x0000155e      0x47b src/asf/sam0/drivers/sercom/spi/spi.o
 .debug_abbrev  0x000019d9      0x22c src/asf/sam0/drivers/sercom/sercom_interrupt.o
 .debug_abbrev  0x00001c05       0xf6 src/asf/common/utils/interrupt/interrupt_sam_nvic.o
 .debug_abbrev  0x00001cfb      0x23c src/asf/sam0/boards/samd21_xplained_pro/board_init.o
 .debug_abbrev  0x00001f37      0x1da src/asf/sam0/drivers/port/port.o
 .debug_abbrev  0x00002111      0x40f src/asf/sam0/drivers/system/clock/clock_samd21_r21_da/clock.o
 .debug_abbrev  0x00002520      0x3c9 src/asf/sam0/drivers/system/clock/clock_samd21_r21_da/gclk.o
 .debug_abbrev  0x000028e9      0x2d2 src/asf/sam0/drivers/system/pinmux/pinmux.o
 .debug_abbrev  0x00002bbb       0xb9 src/asf/sam0/drivers/system/system.o
 .debug_abbrev  0x00002c74      0x228 src/asf/sam0/utils/cmsis/samd21/source/gcc/startup_samd21.o
 .debug_abbrev  0x00002e9c      0x150 src/asf/sam0/utils/syscalls/gcc/syscalls.o
 .debug_abbrev  0x00002fec      0x55c src/main.o

.debug_loc      0x00000000     0xa8b0
 .debug_loc     0x00000000      0xa55 src/asf/sam0/drivers/sercom/sercom.o
 .debug_loc     0x00000a55       0xf0 src/asf/sam0/utils/stdio/read.o
 .debug_loc     0x00000b45      0x105 src/asf/sam0/utils/stdio/write.o
 .debug_loc     0x00000c4a       0xb2 src/asf/thirdparty/freertos/freertos-7.4.2/source/portable/gcc/arm_cm0/port.o
 .debug_loc     0x00000cfc       0x9b src/asf/thirdparty/freertos/freertos-7.4.2/source/list.o
 .debug_loc     0x00000d97     0x1878 src/asf/thirdparty/freertos/freertos-7.4.2/source/queue.o
 .debug_loc     0x0000260f     0x1266 src/asf/thirdparty/freertos/freertos-7.4.2/source/tasks.o
 .debug_loc     0x00003875     0x100c src/asf/sam0/drivers/sercom/usart/usart.o
 .debug_loc     0x00004881      0x7ae src/asf/sam0/drivers/sercom/usart/usart_interrupt.o
 .debug_loc     0x0000502f     0x30ac src/asf/sam0/drivers/sercom/spi/spi.o
 .debug_loc     0x000080db      0x1c8 src/asf/sam0/drivers/sercom/sercom_interrupt.o
 .debug_loc     0x000082a3       0x2b src/asf/common/utils/interrupt/interrupt_sam_nvic.o
 .debug_loc     0x000082ce       0x59 src/asf/sam0/boards/samd21_xplained_pro/board_init.o
 .debug_loc     0x00008327      0x16d src/asf/sam0/drivers/port/port.o
 .debug_loc     0x00008494      0xdcc src/asf/sam0/drivers/system/clock/clock_samd21_r21_da/clock.o
 .debug_loc     0x00009260      0x60b src/asf/sam0/drivers/system/clock/clock_samd21_r21_da/gclk.o
 .debug_loc     0x0000986b      0x4dd src/asf/sam0/drivers/system/pinmux/pinmux.o
 .debug_loc     0x00009d48       0x20 src/asf/sam0/drivers/system/system.o
 .debug_loc     0x00009d68       0x20 src/asf/sam0/utils/cmsis/samd21/source/gcc/startup_samd21.o
 .debug_loc     0x00009d88      0x130 src/asf/sam0/utils/syscalls/gcc/syscalls.o
 .debug_loc     0x00009eb8      0x9f8 src/main.o

.debug_aranges  0x00000000      0x778
 .debug_aranges
                0x00000000       0x40 src/asf/sam0/drivers/sercom/sercom.o
 .debug_aranges
                0x00000040       0x20 src/asf/sam0/utils/stdio/read.o
 .debug_aranges
                0x00000060       0x20 src/asf/sam0/utils/stdio/write.o
 .debug_aranges
                0x00000080       0x70 src/asf/thirdparty/freertos/freertos-7.4.2/source/portable/gcc/arm_cm0/port.o
 .debug_aranges
                0x000000f0       0x40 src/asf/thirdparty/freertos/freertos-7.4.2/source/list.o
 .debug_aranges
                0x00000130       0xe0 src/asf/thirdparty/freertos/freertos-7.4.2/source/queue.o
 .debug_aranges
                0x00000210      0x110 src/asf/thirdparty/freertos/freertos-7.4.2/source/tasks.o
 .debug_aranges
                0x00000320       0x40 src/asf/sam0/drivers/sercom/usart/usart.o
 .debug_aranges
                0x00000360       0x70 src/asf/sam0/drivers/sercom/usart/usart_interrupt.o
 .debug_aranges
                0x000003d0       0x58 src/asf/sam0/drivers/sercom/spi/spi.o
 .debug_aranges
                0x00000428       0x60 src/asf/sam0/drivers/sercom/sercom_interrupt.o
 .debug_aranges
                0x00000488       0x28 src/asf/common/utils/interrupt/interrupt_sam_nvic.o
 .debug_aranges
                0x000004b0       0x20 src/asf/sam0/boards/samd21_xplained_pro/board_init.o
 .debug_aranges
                0x000004d0       0x28 src/asf/sam0/drivers/port/port.o
 .debug_aranges
                0x000004f8       0x78 src/asf/sam0/drivers/system/clock/clock_samd21_r21_da/clock.o
 .debug_aranges
                0x00000570       0x80 src/asf/sam0/drivers/system/clock/clock_samd21_r21_da/gclk.o
 .debug_aranges
                0x000005f0       0x38 src/asf/sam0/drivers/system/pinmux/pinmux.o
 .debug_aranges
                0x00000628       0x28 src/asf/sam0/drivers/system/system.o
 .debug_aranges
                0x00000650       0x28 src/asf/sam0/utils/cmsis/samd21/source/gcc/startup_samd21.o
 .debug_aranges
                0x00000678       0x60 src/asf/sam0/utils/syscalls/gcc/syscalls.o
 .debug_aranges
                0x000006d8       0xa0 src/main.o

.debug_ranges   0x00000000     0x1958
 .debug_ranges  0x00000000       0xa8 src/asf/sam0/drivers/sercom/sercom.o
 .debug_ranges  0x000000a8       0x10 src/asf/sam0/utils/stdio/read.o
 .debug_ranges  0x000000b8       0x10 src/asf/sam0/utils/stdio/write.o
 .debug_ranges  0x000000c8       0x60 src/asf/thirdparty/freertos/freertos-7.4.2/source/portable/gcc/arm_cm0/port.o
 .debug_ranges  0x00000128       0x30 src/asf/thirdparty/freertos/freertos-7.4.2/source/list.o
 .debug_ranges  0x00000158      0x190 src/asf/thirdparty/freertos/freertos-7.4.2/source/queue.o
 .debug_ranges  0x000002e8      0x350 src/asf/thirdparty/freertos/freertos-7.4.2/source/tasks.o
 .debug_ranges  0x00000638      0x1e8 src/asf/sam0/drivers/sercom/usart/usart.o
 .debug_ranges  0x00000820      0x1a0 src/asf/sam0/drivers/sercom/usart/usart_interrupt.o
 .debug_ranges  0x000009c0      0x778 src/asf/sam0/drivers/sercom/spi/spi.o
 .debug_ranges  0x00001138       0x68 src/asf/sam0/drivers/sercom/sercom_interrupt.o
 .debug_ranges  0x000011a0       0x18 src/asf/common/utils/interrupt/interrupt_sam_nvic.o
 .debug_ranges  0x000011b8       0x30 src/asf/sam0/boards/samd21_xplained_pro/board_init.o
 .debug_ranges  0x000011e8       0x48 src/asf/sam0/drivers/port/port.o
 .debug_ranges  0x00001230      0x140 src/asf/sam0/drivers/system/clock/clock_samd21_r21_da/clock.o
 .debug_ranges  0x00001370      0x1b8 src/asf/sam0/drivers/system/clock/clock_samd21_r21_da/gclk.o
 .debug_ranges  0x00001528       0xb8 src/asf/sam0/drivers/system/pinmux/pinmux.o
 .debug_ranges  0x000015e0       0x18 src/asf/sam0/drivers/system/system.o
 .debug_ranges  0x000015f8       0x18 src/asf/sam0/utils/cmsis/samd21/source/gcc/startup_samd21.o
 .debug_ranges  0x00001610       0x50 src/asf/sam0/utils/syscalls/gcc/syscalls.o
 .debug_ranges  0x00001660      0x2f8 src/main.o

.debug_macro    0x00000000    0x1a995
 .debug_macro   0x00000000      0x524 src/asf/sam0/drivers/sercom/sercom.o
 .debug_macro   0x00000524      0x856 src/asf/sam0/drivers/sercom/sercom.o
 .debug_macro   0x00000d7a      0x166 src/asf/sam0/drivers/sercom/sercom.o
 .debug_macro   0x00000ee0      0x644 src/asf/sam0/drivers/sercom/sercom.o
 .debug_macro   0x00001524       0x22 src/asf/sam0/drivers/sercom/sercom.o
 .debug_macro   0x00001546       0x44 src/asf/sam0/drivers/sercom/sercom.o
 .debug_macro   0x0000158a       0x58 src/asf/sam0/drivers/sercom/sercom.o
 .debug_macro   0x000015e2       0x22 src/asf/sam0/drivers/sercom/sercom.o
 .debug_macro   0x00001604      0x1df src/asf/sam0/drivers/sercom/sercom.o
 .debug_macro   0x000017e3       0x10 src/asf/sam0/drivers/sercom/sercom.o
 .debug_macro   0x000017f3       0x76 src/asf/sam0/drivers/sercom/sercom.o
 .debug_macro   0x00001869       0x16 src/asf/sam0/drivers/sercom/sercom.o
 .debug_macro   0x0000187f      0x6e5 src/asf/sam0/drivers/sercom/sercom.o
 .debug_macro   0x00001f64      0xde2 src/asf/sam0/drivers/sercom/sercom.o
 .debug_macro   0x00002d46       0x22 src/asf/sam0/drivers/sercom/sercom.o
 .debug_macro   0x00002d68       0x40 src/asf/sam0/drivers/sercom/sercom.o
 .debug_macro   0x00002da8       0x3a src/asf/sam0/drivers/sercom/sercom.o
 .debug_macro   0x00002de2       0x1f src/asf/sam0/drivers/sercom/sercom.o
 .debug_macro   0x00002e01      0x250 src/asf/sam0/drivers/sercom/sercom.o
 .debug_macro   0x00003051      0x682 src/asf/sam0/drivers/sercom/sercom.o
 .debug_macro   0x000036d3      0x8c1 src/asf/sam0/drivers/sercom/sercom.o
 .debug_macro   0x00003f94      0x235 src/asf/sam0/drivers/sercom/sercom.o
 .debug_macro   0x000041c9      0xd66 src/asf/sam0/drivers/sercom/sercom.o
 .debug_macro   0x00004f2f      0x4ce src/asf/sam0/drivers/sercom/sercom.o
 .debug_macro   0x000053fd      0x9fb src/asf/sam0/drivers/sercom/sercom.o
 .debug_macro   0x00005df8      0x82e src/asf/sam0/drivers/sercom/sercom.o
 .debug_macro   0x00006626      0x462 src/asf/sam0/drivers/sercom/sercom.o
 .debug_macro   0x00006a88       0x5e src/asf/sam0/drivers/sercom/sercom.o
 .debug_macro   0x00006ae6      0x907 src/asf/sam0/drivers/sercom/sercom.o
 .debug_macro   0x000073ed      0x226 src/asf/sam0/drivers/sercom/sercom.o
 .debug_macro   0x00007613      0x9d3 src/asf/sam0/drivers/sercom/sercom.o
 .debug_macro   0x00007fe6       0x5e src/asf/sam0/drivers/sercom/sercom.o
 .debug_macro   0x00008044      0x682 src/asf/sam0/drivers/sercom/sercom.o
 .debug_macro   0x000086c6      0x3b8 src/asf/sam0/drivers/sercom/sercom.o
 .debug_macro   0x00008a7e      0xc55 src/asf/sam0/drivers/sercom/sercom.o
 .debug_macro   0x000096d3     0x1093 src/asf/sam0/drivers/sercom/sercom.o
 .debug_macro   0x0000a766      0xc4a src/asf/sam0/drivers/sercom/sercom.o
 .debug_macro   0x0000b3b0      0x6c2 src/asf/sam0/drivers/sercom/sercom.o
 .debug_macro   0x0000ba72     0x1b4e src/asf/sam0/drivers/sercom/sercom.o
 .debug_macro   0x0000d5c0     0x144d src/asf/sam0/drivers/sercom/sercom.o
 .debug_macro   0x0000ea0d      0x351 src/asf/sam0/drivers/sercom/sercom.o
 .debug_macro   0x0000ed5e       0x7c src/asf/sam0/drivers/sercom/sercom.o
 .debug_macro   0x0000edda       0xa0 src/asf/sam0/drivers/sercom/sercom.o
 .debug_macro   0x0000ee7a       0x4c src/asf/sam0/drivers/sercom/sercom.o
 .debug_macro   0x0000eec6       0xca src/asf/sam0/drivers/sercom/sercom.o
 .debug_macro   0x0000ef90       0x94 src/asf/sam0/drivers/sercom/sercom.o
 .debug_macro   0x0000f024       0x58 src/asf/sam0/drivers/sercom/sercom.o
 .debug_macro   0x0000f07c      0x38a src/asf/sam0/drivers/sercom/sercom.o
 .debug_macro   0x0000f406       0x82 src/asf/sam0/drivers/sercom/sercom.o
 .debug_macro   0x0000f488      0x19a src/asf/sam0/drivers/sercom/sercom.o
 .debug_macro   0x0000f622       0xb8 src/asf/sam0/drivers/sercom/sercom.o
 .debug_macro   0x0000f6da       0xa0 src/asf/sam0/drivers/sercom/sercom.o
 .debug_macro   0x0000f77a       0xbe src/asf/sam0/drivers/sercom/sercom.o
 .debug_macro   0x0000f838       0x1c src/asf/sam0/drivers/sercom/sercom.o
 .debug_macro   0x0000f854       0x1c src/asf/sam0/drivers/sercom/sercom.o
 .debug_macro   0x0000f870       0x1c src/asf/sam0/drivers/sercom/sercom.o
 .debug_macro   0x0000f88c       0x82 src/asf/sam0/drivers/sercom/sercom.o
 .debug_macro   0x0000f90e      0x164 src/asf/sam0/drivers/sercom/sercom.o
 .debug_macro   0x0000fa72       0xdc src/asf/sam0/drivers/sercom/sercom.o
 .debug_macro   0x0000fb4e      0x132 src/asf/sam0/drivers/sercom/sercom.o
 .debug_macro   0x0000fc80      0x132 src/asf/sam0/drivers/sercom/sercom.o
 .debug_macro   0x0000fdb2      0x132 src/asf/sam0/drivers/sercom/sercom.o
 .debug_macro   0x0000fee4      0x132 src/asf/sam0/drivers/sercom/sercom.o
 .debug_macro   0x00010016      0x132 src/asf/sam0/drivers/sercom/sercom.o
 .debug_macro   0x00010148      0x132 src/asf/sam0/drivers/sercom/sercom.o
 .debug_macro   0x0001027a      0x11e src/asf/sam0/drivers/sercom/sercom.o
 .debug_macro   0x00010398       0xe2 src/asf/sam0/drivers/sercom/sercom.o
 .debug_macro   0x0001047a       0xe2 src/asf/sam0/drivers/sercom/sercom.o
 .debug_macro   0x0001055c       0xe2 src/asf/sam0/drivers/sercom/sercom.o
 .debug_macro   0x0001063e       0xe2 src/asf/sam0/drivers/sercom/sercom.o
 .debug_macro   0x00010720       0xe2 src/asf/sam0/drivers/sercom/sercom.o
 .debug_macro   0x00010802      0x136 src/asf/sam0/drivers/sercom/sercom.o
 .debug_macro   0x00010938      0x106 src/asf/sam0/drivers/sercom/sercom.o
 .debug_macro   0x00010a3e       0xfa src/asf/sam0/drivers/sercom/sercom.o
 .debug_macro   0x00010b38      0x40f src/asf/sam0/drivers/sercom/sercom.o
 .debug_macro   0x00010f47       0x40 src/asf/sam0/drivers/sercom/sercom.o
 .debug_macro   0x00010f87      0x37d src/asf/sam0/drivers/sercom/sercom.o
 .debug_macro   0x00011304     0x1e5c src/asf/sam0/drivers/sercom/sercom.o
 .debug_macro   0x00013160       0x51 src/asf/sam0/drivers/sercom/sercom.o
 .debug_macro   0x000131b1       0x58 src/asf/sam0/drivers/sercom/sercom.o
 .debug_macro   0x00013209       0x35 src/asf/sam0/drivers/sercom/sercom.o
 .debug_macro   0x0001323e       0x9c src/asf/sam0/drivers/sercom/sercom.o
 .debug_macro   0x000132da       0x16 src/asf/sam0/drivers/sercom/sercom.o
 .debug_macro   0x000132f0       0x35 src/asf/sam0/drivers/sercom/sercom.o
 .debug_macro   0x00013325      0x29d src/asf/sam0/drivers/sercom/sercom.o
 .debug_macro   0x000135c2       0x10 src/asf/sam0/drivers/sercom/sercom.o
 .debug_macro   0x000135d2       0x52 src/asf/sam0/drivers/sercom/sercom.o
 .debug_macro   0x00013624       0x16 src/asf/sam0/drivers/sercom/sercom.o
 .debug_macro   0x0001363a       0x43 src/asf/sam0/drivers/sercom/sercom.o
 .debug_macro   0x0001367d      0x180 src/asf/sam0/drivers/sercom/sercom.o
 .debug_macro   0x000137fd       0x10 src/asf/sam0/drivers/sercom/sercom.o
 .debug_macro   0x0001380d       0x22 src/asf/sam0/drivers/sercom/sercom.o
 .debug_macro   0x0001382f       0xbe src/asf/sam0/drivers/sercom/sercom.o
 .debug_macro   0x000138ed       0x16 src/asf/sam0/drivers/sercom/sercom.o
 .debug_macro   0x00013903      0x197 src/asf/sam0/drivers/sercom/sercom.o
 .debug_macro   0x00013a9a       0x16 src/asf/sam0/drivers/sercom/sercom.o
 .debug_macro   0x00013ab0       0x16 src/asf/sam0/drivers/sercom/sercom.o
 .debug_macro   0x00013ac6       0x29 src/asf/sam0/drivers/sercom/sercom.o
 .debug_macro   0x00013aef       0x51 src/asf/sam0/drivers/sercom/sercom.o
 .debug_macro   0x00013b40       0x3f src/asf/sam0/drivers/sercom/sercom.o
 .debug_macro   0x00013b7f      0x3df src/asf/sam0/drivers/sercom/sercom.o
 .debug_macro   0x00013f5e       0x11 src/asf/sam0/drivers/sercom/sercom.o
 .debug_macro   0x00013f6f       0x18 src/asf/sam0/drivers/sercom/sercom.o
 .debug_macro   0x00013f87       0x2e src/asf/sam0/drivers/sercom/sercom.o
 .debug_macro   0x00013fb5       0xb2 src/asf/sam0/drivers/sercom/sercom.o
 .debug_macro   0x00014067       0x10 src/asf/sam0/drivers/sercom/sercom.o
 .debug_macro   0x00014077      0x496 src/asf/sam0/utils/stdio/read.o
 .debug_macro   0x0001450d      0x496 src/asf/sam0/utils/stdio/write.o
 .debug_macro   0x000149a3      0x113 src/asf/thirdparty/freertos/freertos-7.4.2/source/portable/gcc/arm_cm0/port.o
 .debug_macro   0x00014ab6      0x16a src/asf/thirdparty/freertos/freertos-7.4.2/source/list.o
 .debug_macro   0x00014c20      0x1e8 src/asf/thirdparty/freertos/freertos-7.4.2/source/queue.o
 .debug_macro   0x00014e08       0x16 src/asf/thirdparty/freertos/freertos-7.4.2/source/queue.o
 .debug_macro   0x00014e1e       0x9c src/asf/thirdparty/freertos/freertos-7.4.2/source/queue.o
 .debug_macro   0x00014eba      0x268 src/asf/thirdparty/freertos/freertos-7.4.2/source/tasks.o
 .debug_macro   0x00015122       0x97 src/asf/thirdparty/freertos/freertos-7.4.2/source/tasks.o
 .debug_macro   0x000151b9       0xef src/asf/thirdparty/freertos/freertos-7.4.2/source/tasks.o
 .debug_macro   0x000152a8       0x5b src/asf/thirdparty/freertos/freertos-7.4.2/source/tasks.o
 .debug_macro   0x00015303       0x16 src/asf/thirdparty/freertos/freertos-7.4.2/source/tasks.o
 .debug_macro   0x00015319      0x535 src/asf/sam0/drivers/sercom/usart/usart.o
 .debug_macro   0x0001584e       0x51 src/asf/sam0/drivers/sercom/usart/usart.o
 .debug_macro   0x0001589f      0x535 src/asf/sam0/drivers/sercom/usart/usart_interrupt.o
 .debug_macro   0x00015dd4      0x54f src/asf/sam0/drivers/sercom/spi/spi.o
 .debug_macro   0x00016323       0x12 src/asf/sam0/drivers/sercom/spi/spi.o
 .debug_macro   0x00016335       0x16 src/asf/sam0/drivers/sercom/spi/spi.o
 .debug_macro   0x0001634b       0x35 src/asf/sam0/drivers/sercom/spi/spi.o
 .debug_macro   0x00016380      0x521 src/asf/sam0/drivers/sercom/sercom_interrupt.o
 .debug_macro   0x000168a1      0x496 src/asf/common/utils/interrupt/interrupt_sam_nvic.o
 .debug_macro   0x00016d37      0x4d2 src/asf/sam0/boards/samd21_xplained_pro/board_init.o
 .debug_macro   0x00017209      0x2aa src/asf/sam0/boards/samd21_xplained_pro/board_init.o
 .debug_macro   0x000174b3      0x9f7 src/asf/sam0/boards/samd21_xplained_pro/board_init.o
 .debug_macro   0x00017eaa      0x4b0 src/asf/sam0/drivers/port/port.o
 .debug_macro   0x0001835a      0x508 src/asf/sam0/drivers/system/clock/clock_samd21_r21_da/clock.o
 .debug_macro   0x00018862      0x29d src/asf/sam0/drivers/system/clock/clock_samd21_r21_da/clock.o
 .debug_macro   0x00018aff      0x4cc src/asf/sam0/drivers/system/clock/clock_samd21_r21_da/gclk.o
 .debug_macro   0x00018fcb      0x4a6 src/asf/sam0/drivers/system/pinmux/pinmux.o
 .debug_macro   0x00019471       0x12 src/asf/sam0/drivers/system/pinmux/pinmux.o
 .debug_macro   0x00019483      0x4da src/asf/sam0/drivers/system/system.o
 .debug_macro   0x0001995d      0x2ea src/asf/sam0/utils/cmsis/samd21/source/gcc/startup_samd21.o
 .debug_macro   0x00019c47       0x3a src/asf/sam0/utils/cmsis/samd21/source/gcc/startup_samd21.o
 .debug_macro   0x00019c81      0x169 src/asf/sam0/utils/syscalls/gcc/syscalls.o
 .debug_macro   0x00019dea       0x52 src/asf/sam0/utils/syscalls/gcc/syscalls.o
 .debug_macro   0x00019e3c       0x16 src/asf/sam0/utils/syscalls/gcc/syscalls.o
 .debug_macro   0x00019e52       0x10 src/asf/sam0/utils/syscalls/gcc/syscalls.o
 .debug_macro   0x00019e62       0x10 src/asf/sam0/utils/syscalls/gcc/syscalls.o
 .debug_macro   0x00019e72       0x10 src/asf/sam0/utils/syscalls/gcc/syscalls.o
 .debug_macro   0x00019e82       0x35 src/asf/sam0/utils/syscalls/gcc/syscalls.o
 .debug_macro   0x00019eb7      0x122 src/asf/sam0/utils/syscalls/gcc/syscalls.o
 .debug_macro   0x00019fd9      0x6c1 src/main.o
 .debug_macro   0x0001a69a      0x118 src/main.o
 .debug_macro   0x0001a7b2       0x43 src/main.o
 .debug_macro   0x0001a7f5       0x78 src/main.o
 .debug_macro   0x0001a86d       0x5d src/main.o
 .debug_macro   0x0001a8ca       0x82 src/main.o
 .debug_macro   0x0001a94c       0x49 src/main.o

.debug_line     0x00000000     0xd5f1
 .debug_line    0x00000000      0xb9f src/asf/sam0/drivers/sercom/sercom.o
 .debug_line    0x00000b9f      0x834 src/asf/sam0/utils/stdio/read.o
 .debug_line    0x000013d3      0x82a src/asf/sam0/utils/stdio/write.o
 .debug_line    0x00001bfd      0x42a src/asf/thirdparty/freertos/freertos-7.4.2/source/portable/gcc/arm_cm0/port.o
 .debug_line    0x00002027      0x46f src/asf/thirdparty/freertos/freertos-7.4.2/source/list.o
 .debug_line    0x00002496      0x98e src/asf/thirdparty/freertos/freertos-7.4.2/source/queue.o
 .debug_line    0x00002e24      0xae5 src/asf/thirdparty/freertos/freertos-7.4.2/source/tasks.o
 .debug_line    0x00003909      0xdbe src/asf/sam0/drivers/sercom/usart/usart.o
 .debug_line    0x000046c7      0xd87 src/asf/sam0/drivers/sercom/usart/usart_interrupt.o
 .debug_line    0x0000544e     0x13bf src/asf/sam0/drivers/sercom/spi/spi.o
 .debug_line    0x0000680d      0xae6 src/asf/sam0/drivers/sercom/sercom_interrupt.o
 .debug_line    0x000072f3      0x86d src/asf/common/utils/interrupt/interrupt_sam_nvic.o
 .debug_line    0x00007b60      0x914 src/asf/sam0/boards/samd21_xplained_pro/board_init.o
 .debug_line    0x00008474      0x899 src/asf/sam0/drivers/port/port.o
 .debug_line    0x00008d0d      0xc97 src/asf/sam0/drivers/system/clock/clock_samd21_r21_da/clock.o
 .debug_line    0x000099a4      0xcb4 src/asf/sam0/drivers/system/clock/clock_samd21_r21_da/gclk.o
 .debug_line    0x0000a658      0x93d src/asf/sam0/drivers/system/pinmux/pinmux.o
 .debug_line    0x0000af95      0x96e src/asf/sam0/drivers/system/system.o
 .debug_line    0x0000b903      0x64d src/asf/sam0/utils/cmsis/samd21/source/gcc/startup_samd21.o
 .debug_line    0x0000bf50      0x399 src/asf/sam0/utils/syscalls/gcc/syscalls.o
 .debug_line    0x0000c2e9     0x1308 src/main.o

.debug_str      0x00000000    0x921c3
 .debug_str     0x00000000    0x82332 src/asf/sam0/drivers/sercom/sercom.o
                              0x82c7b (size before relaxing)
 .debug_str     0x00082332       0x3d src/asf/sam0/utils/stdio/read.o
                              0x81595 (size before relaxing)
 .debug_str     0x0008236f       0x2c src/asf/sam0/utils/stdio/write.o
                              0x81597 (size before relaxing)
 .debug_str     0x0008239b     0x2159 src/asf/thirdparty/freertos/freertos-7.4.2/source/portable/gcc/arm_cm0/port.o
                               0x544b (size before relaxing)
 .debug_str     0x000844f4      0x153 src/asf/thirdparty/freertos/freertos-7.4.2/source/list.o
                               0x7144 (size before relaxing)
 .debug_str     0x00084647     0x101a src/asf/thirdparty/freertos/freertos-7.4.2/source/queue.o
                               0x841f (size before relaxing)
 .debug_str     0x00085661     0x132e src/asf/thirdparty/freertos/freertos-7.4.2/source/tasks.o
                               0x93cc (size before relaxing)
 .debug_str     0x0008698f     0x1096 src/asf/sam0/drivers/sercom/usart/usart.o
                              0x83969 (size before relaxing)
 .debug_str     0x00087a25      0x1e8 src/asf/sam0/drivers/sercom/usart/usart_interrupt.o
                              0x82c7a (size before relaxing)
 .debug_str     0x00087c0d      0x9aa src/asf/sam0/drivers/sercom/spi/spi.o
                              0x8395d (size before relaxing)
 .debug_str     0x000885b7      0x55c src/asf/sam0/drivers/sercom/sercom_interrupt.o
                              0x82b26 (size before relaxing)
 .debug_str     0x00088b13       0x94 src/asf/common/utils/interrupt/interrupt_sam_nvic.o
                              0x815e8 (size before relaxing)
 .debug_str     0x00088ba7     0x3a17 src/asf/sam0/boards/samd21_xplained_pro/board_init.o
                              0x85263 (size before relaxing)
 .debug_str     0x0008c5be       0x4e src/asf/sam0/drivers/port/port.o
                              0x819d8 (size before relaxing)
 .debug_str     0x0008c60c     0x2752 src/asf/sam0/drivers/system/clock/clock_samd21_r21_da/clock.o
                              0x846dd (size before relaxing)
 .debug_str     0x0008ed5e      0x27d src/asf/sam0/drivers/system/clock/clock_samd21_r21_da/gclk.o
                              0x82267 (size before relaxing)
 .debug_str     0x0008efdb      0x1b5 src/asf/sam0/drivers/system/pinmux/pinmux.o
                              0x81a8a (size before relaxing)
 .debug_str     0x0008f190       0x47 src/asf/sam0/drivers/system/system.o
                              0x81693 (size before relaxing)
 .debug_str     0x0008f1d7      0xf08 src/asf/sam0/utils/cmsis/samd21/source/gcc/startup_samd21.o
                              0x6e1b6 (size before relaxing)
 .debug_str     0x000900df      0x845 src/asf/sam0/utils/syscalls/gcc/syscalls.o
                               0x601c (size before relaxing)
 .debug_str     0x00090924     0x189f src/main.o
                              0x8c519 (size before relaxing)

.debug_frame    0x00000000     0x1a20
 .debug_frame   0x00000000       0xa0 src/asf/sam0/drivers/sercom/sercom.o
 .debug_frame   0x000000a0       0x34 src/asf/sam0/utils/stdio/read.o
 .debug_frame   0x000000d4       0x34 src/asf/sam0/utils/stdio/write.o
 .debug_frame   0x00000108       0xd8 src/asf/thirdparty/freertos/freertos-7.4.2/source/portable/gcc/arm_cm0/port.o
 .debug_frame   0x000001e0       0x68 src/asf/thirdparty/freertos/freertos-7.4.2/source/list.o
 .debug_frame   0x00000248      0x2d8 src/asf/thirdparty/freertos/freertos-7.4.2/source/queue.o
 .debug_frame   0x00000520      0x350 src/asf/thirdparty/freertos/freertos-7.4.2/source/tasks.o
 .debug_frame   0x00000870       0xbc src/asf/sam0/drivers/sercom/usart/usart.o
 .debug_frame   0x0000092c      0x128 src/asf/sam0/drivers/sercom/usart/usart_interrupt.o
 .debug_frame   0x00000a54      0x128 src/asf/sam0/drivers/sercom/spi/spi.o
 .debug_frame   0x00000b7c       0xe8 src/asf/sam0/drivers/sercom/sercom_interrupt.o
 .debug_frame   0x00000c64       0x30 src/asf/common/utils/interrupt/interrupt_sam_nvic.o
 .debug_frame   0x00000c94       0x30 src/asf/sam0/boards/samd21_xplained_pro/board_init.o
 .debug_frame   0x00000cc4       0x44 src/asf/sam0/drivers/port/port.o
 .debug_frame   0x00000d08      0x168 src/asf/sam0/drivers/system/clock/clock_samd21_r21_da/clock.o
 .debug_frame   0x00000e70      0x15c src/asf/sam0/drivers/system/clock/clock_samd21_r21_da/gclk.o
 .debug_frame   0x00000fcc       0x84 src/asf/sam0/drivers/system/pinmux/pinmux.o
 .debug_frame   0x00001050       0x38 src/asf/sam0/drivers/system/system.o
 .debug_frame   0x00001088       0x3c src/asf/sam0/utils/cmsis/samd21/source/gcc/startup_samd21.o
 .debug_frame   0x000010c4       0xa8 src/asf/sam0/utils/syscalls/gcc/syscalls.o
 .debug_frame   0x0000116c      0x208 src/main.o
 .debug_frame   0x00001374       0x20 c:/program files (x86)/atmel/studio/7.0/toolchain/arm/arm-gnu-toolchain/bin/../lib/gcc/arm-none-eabi/4.9.3/armv6-m\libgcc.a(_udivsi3.o)
 .debug_frame   0x00001394       0x34 c:/program files (x86)/atmel/studio/7.0/toolchain/arm/arm-gnu-toolchain/bin/../lib/gcc/arm-none-eabi/4.9.3/armv6-m\libgcc.a(_muldi3.o)
 .debug_frame   0x000013c8       0x2c c:/program files (x86)/atmel/studio/7.0/toolchain/arm/arm-gnu-toolchain/bin/../lib/gcc/arm-none-eabi/4.9.3/../../../../arm-none-eabi/lib/armv6-m\libc_nano.a(lib_a-init.o)
 .debug_frame   0x000013f4       0x28 c:/program files (x86)/atmel/studio/7.0/toolchain/arm/arm-gnu-toolchain/bin/../lib/gcc/arm-none-eabi/4.9.3/../../../../arm-none-eabi/lib/armv6-m\libc_nano.a(lib_a-memcpy.o)
 .debug_frame   0x0000141c       0x20 c:/program files (x86)/atmel/studio/7.0/toolchain/arm/arm-gnu-toolchain/bin/../lib/gcc/arm-none-eabi/4.9.3/../../../../arm-none-eabi/lib/armv6-m\libc_nano.a(lib_a-memset.o)
 .debug_frame   0x0000143c       0x44 c:/program files (x86)/atmel/studio/7.0/toolchain/arm/arm-gnu-toolchain/bin/../lib/gcc/arm-none-eabi/4.9.3/../../../../arm-none-eabi/lib/armv6-m\libc_nano.a(lib_a-puts.o)
 .debug_frame   0x00001480       0x28 c:/program files (x86)/atmel/studio/7.0/toolchain/arm/arm-gnu-toolchain/bin/../lib/gcc/arm-none-eabi/4.9.3/../../../../arm-none-eabi/lib/armv6-m\libc_nano.a(lib_a-setbuf.o)
 .debug_frame   0x000014a8       0x34 c:/program files (x86)/atmel/studio/7.0/toolchain/arm/arm-gnu-toolchain/bin/../lib/gcc/arm-none-eabi/4.9.3/../../../../arm-none-eabi/lib/armv6-m\libc_nano.a(lib_a-setvbuf.o)
 .debug_frame   0x000014dc       0x44 c:/program files (x86)/atmel/studio/7.0/toolchain/arm/arm-gnu-toolchain/bin/../lib/gcc/arm-none-eabi/4.9.3/../../../../arm-none-eabi/lib/armv6-m\libc_nano.a(lib_a-wbuf.o)
 .debug_frame   0x00001520       0x2c c:/program files (x86)/atmel/studio/7.0/toolchain/arm/arm-gnu-toolchain/bin/../lib/gcc/arm-none-eabi/4.9.3/../../../../arm-none-eabi/lib/armv6-m\libc_nano.a(lib_a-wsetup.o)
 .debug_frame   0x0000154c       0x68 c:/program files (x86)/atmel/studio/7.0/toolchain/arm/arm-gnu-toolchain/bin/../lib/gcc/arm-none-eabi/4.9.3/../../../../arm-none-eabi/lib/armv6-m\libc_nano.a(lib_a-fflush.o)
 .debug_frame   0x000015b4      0x140 c:/program files (x86)/atmel/studio/7.0/toolchain/arm/arm-gnu-toolchain/bin/../lib/gcc/arm-none-eabi/4.9.3/../../../../arm-none-eabi/lib/armv6-m\libc_nano.a(lib_a-findfp.o)
 .debug_frame   0x000016f4       0x58 c:/program files (x86)/atmel/studio/7.0/toolchain/arm/arm-gnu-toolchain/bin/../lib/gcc/arm-none-eabi/4.9.3/../../../../arm-none-eabi/lib/armv6-m\libc_nano.a(lib_a-fwalk.o)
 .debug_frame   0x0000174c       0x30 c:/program files (x86)/atmel/studio/7.0/toolchain/arm/arm-gnu-toolchain/bin/../lib/gcc/arm-none-eabi/4.9.3/../../../../arm-none-eabi/lib/armv6-m\libc_nano.a(lib_a-makebuf.o)
 .debug_frame   0x0000177c       0x40 c:/program files (x86)/atmel/studio/7.0/toolchain/arm/arm-gnu-toolchain/bin/../lib/gcc/arm-none-eabi/4.9.3/../../../../arm-none-eabi/lib/armv6-m\libc_nano.a(lib_a-malloc.o)
 .debug_frame   0x000017bc       0x2c c:/program files (x86)/atmel/studio/7.0/toolchain/arm/arm-gnu-toolchain/bin/../lib/gcc/arm-none-eabi/4.9.3/../../../../arm-none-eabi/lib/armv6-m\libc_nano.a(lib_a-nano-freer.o)
 .debug_frame   0x000017e8       0x2c c:/program files (x86)/atmel/studio/7.0/toolchain/arm/arm-gnu-toolchain/bin/../lib/gcc/arm-none-eabi/4.9.3/../../../../arm-none-eabi/lib/armv6-m\libc_nano.a(lib_a-nano-mallocr.o)
 .debug_frame   0x00001814       0x2c c:/program files (x86)/atmel/studio/7.0/toolchain/arm/arm-gnu-toolchain/bin/../lib/gcc/arm-none-eabi/4.9.3/../../../../arm-none-eabi/lib/armv6-m\libc_nano.a(lib_a-sbrkr.o)
 .debug_frame   0x00001840       0x90 c:/program files (x86)/atmel/studio/7.0/toolchain/arm/arm-gnu-toolchain/bin/../lib/gcc/arm-none-eabi/4.9.3/../../../../arm-none-eabi/lib/armv6-m\libc_nano.a(lib_a-stdio.o)
 .debug_frame   0x000018d0       0x2c c:/program files (x86)/atmel/studio/7.0/toolchain/arm/arm-gnu-toolchain/bin/../lib/gcc/arm-none-eabi/4.9.3/../../../../arm-none-eabi/lib/armv6-m\libc_nano.a(lib_a-writer.o)
 .debug_frame   0x000018fc       0x2c c:/program files (x86)/atmel/studio/7.0/toolchain/arm/arm-gnu-toolchain/bin/../lib/gcc/arm-none-eabi/4.9.3/../../../../arm-none-eabi/lib/armv6-m\libc_nano.a(lib_a-closer.o)
 .debug_frame   0x00001928       0x2c c:/program files (x86)/atmel/studio/7.0/toolchain/arm/arm-gnu-toolchain/bin/../lib/gcc/arm-none-eabi/4.9.3/../../../../arm-none-eabi/lib/armv6-m\libc_nano.a(lib_a-fstatr.o)
 .debug_frame   0x00001954       0x2c c:/program files (x86)/atmel/studio/7.0/toolchain/arm/arm-gnu-toolchain/bin/../lib/gcc/arm-none-eabi/4.9.3/../../../../arm-none-eabi/lib/armv6-m\libc_nano.a(lib_a-isattyr.o)
 .debug_frame   0x00001980       0x2c c:/program files (x86)/atmel/studio/7.0/toolchain/arm/arm-gnu-toolchain/bin/../lib/gcc/arm-none-eabi/4.9.3/../../../../arm-none-eabi/lib/armv6-m\libc_nano.a(lib_a-lseekr.o)
 .debug_frame   0x000019ac       0x2c c:/program files (x86)/atmel/studio/7.0/toolchain/arm/arm-gnu-toolchain/bin/../lib/gcc/arm-none-eabi/4.9.3/../../../../arm-none-eabi/lib/armv6-m\libc_nano.a(lib_a-readr.o)
 .debug_frame   0x000019d8       0x48 c:/program files (x86)/atmel/studio/7.0/toolchain/arm/arm-gnu-toolchain/bin/../lib/gcc/arm-none-eabi/4.9.3/../../../../arm-none-eabi/lib/armv6-m\libc_nano.a(lib_a-reent.o)

Cross Reference Table

Symbol                                            File
AC_Handler                                        src/asf/sam0/utils/cmsis/samd21/source/gcc/startup_samd21.o
ADC_Handler                                       src/asf/sam0/utils/cmsis/samd21/source/gcc/startup_samd21.o
DAC_Handler                                       src/asf/sam0/utils/cmsis/samd21/source/gcc/startup_samd21.o
DMAC_Handler                                      src/asf/sam0/utils/cmsis/samd21/source/gcc/startup_samd21.o
Dummy_Handler                                     src/asf/sam0/utils/cmsis/samd21/source/gcc/startup_samd21.o
EIC_Handler                                       src/asf/sam0/utils/cmsis/samd21/source/gcc/startup_samd21.o
EVSYS_Handler                                     src/asf/sam0/utils/cmsis/samd21/source/gcc/startup_samd21.o
HardFault_Handler                                 src/asf/sam0/utils/cmsis/samd21/source/gcc/startup_samd21.o
I2S_Handler                                       src/asf/sam0/utils/cmsis/samd21/source/gcc/startup_samd21.o
NMI_Handler                                       src/asf/sam0/utils/cmsis/samd21/source/gcc/startup_samd21.o
NVMCTRL_Handler                                   src/asf/sam0/utils/cmsis/samd21/source/gcc/startup_samd21.o
PM_Handler                                        src/asf/sam0/utils/cmsis/samd21/source/gcc/startup_samd21.o
PTC_Handler                                       src/asf/sam0/utils/cmsis/samd21/source/gcc/startup_samd21.o
PendSV_Handler                                    src/asf/thirdparty/freertos/freertos-7.4.2/source/portable/gcc/arm_cm0/port.o
RTC_Handler                                       src/asf/sam0/utils/cmsis/samd21/source/gcc/startup_samd21.o
Reset_Handler                                     src/asf/sam0/utils/cmsis/samd21/source/gcc/startup_samd21.o
SERCOM0_Handler                                   src/asf/sam0/drivers/sercom/sercom_interrupt.o
SERCOM1_Handler                                   src/asf/sam0/drivers/sercom/sercom_interrupt.o
SERCOM2_Handler                                   src/asf/sam0/drivers/sercom/sercom_interrupt.o
SERCOM3_Handler                                   src/asf/sam0/drivers/sercom/sercom_interrupt.o
SERCOM4_Handler                                   src/asf/sam0/drivers/sercom/sercom_interrupt.o
SERCOM5_Handler                                   src/asf/sam0/drivers/sercom/sercom_interrupt.o
SPI_union                                         src/main.o
SVC_Handler                                       src/asf/thirdparty/freertos/freertos-7.4.2/source/portable/gcc/arm_cm0/port.o
SYSCTRL_Handler                                   src/asf/sam0/utils/cmsis/samd21/source/gcc/startup_samd21.o
SysTick_Handler                                   src/asf/thirdparty/freertos/freertos-7.4.2/source/portable/gcc/arm_cm0/port.o
SystemCoreClock                                   src/asf/sam0/utils/cmsis/samd21/source/system_samd21.o
SystemCoreClockUpdate                             src/asf/sam0/utils/cmsis/samd21/source/system_samd21.o
SystemInit                                        src/asf/sam0/utils/cmsis/samd21/source/system_samd21.o
TC3_Handler                                       src/asf/sam0/utils/cmsis/samd21/source/gcc/startup_samd21.o
TC4_Handler                                       src/asf/sam0/utils/cmsis/samd21/source/gcc/startup_samd21.o
TC5_Handler                                       src/asf/sam0/utils/cmsis/samd21/source/gcc/startup_samd21.o
TC6_Handler                                       src/asf/sam0/utils/cmsis/samd21/source/gcc/startup_samd21.o
TC7_Handler                                       src/asf/sam0/utils/cmsis/samd21/source/gcc/startup_samd21.o
TCC0_Handler                                      src/asf/sam0/utils/cmsis/samd21/source/gcc/startup_samd21.o
TCC1_Handler                                      src/asf/sam0/utils/cmsis/samd21/source/gcc/startup_samd21.o
TCC2_Handler                                      src/asf/sam0/utils/cmsis/samd21/source/gcc/startup_samd21.o
UART_buffer                                       src/main.o
UARTsem                                           src/main.o
USB_Handler                                       src/asf/sam0/utils/cmsis/samd21/source/gcc/startup_samd21.o
WDT_Handler                                       src/asf/sam0/utils/cmsis/samd21/source/gcc/startup_samd21.o
_Jv_RegisterClasses                               c:/program files (x86)/atmel/studio/7.0/toolchain/arm/arm-gnu-toolchain/bin/../lib/gcc/arm-none-eabi/4.9.3/armv6-m/crtbegin.o
__aeabi_cfcmpeq                                   c:/program files (x86)/atmel/studio/7.0/toolchain/arm/arm-gnu-toolchain/bin/../lib/gcc/arm-none-eabi/4.9.3/armv6-m\libgcc.a(_arm_cmpsf2.o)
__aeabi_cfcmple                                   c:/program files (x86)/atmel/studio/7.0/toolchain/arm/arm-gnu-toolchain/bin/../lib/gcc/arm-none-eabi/4.9.3/armv6-m\libgcc.a(_arm_cmpsf2.o)
__aeabi_cfrcmple                                  c:/program files (x86)/atmel/studio/7.0/toolchain/arm/arm-gnu-toolchain/bin/../lib/gcc/arm-none-eabi/4.9.3/armv6-m\libgcc.a(_arm_cmpsf2.o)
__aeabi_f2iz                                      c:/program files (x86)/atmel/studio/7.0/toolchain/arm/arm-gnu-toolchain/bin/../lib/gcc/arm-none-eabi/4.9.3/armv6-m\libgcc.a(fixsfsi.o)
                                                  c:/program files (x86)/atmel/studio/7.0/toolchain/arm/arm-gnu-toolchain/bin/../lib/gcc/arm-none-eabi/4.9.3/armv6-m\libgcc.a(_fixunssfsi.o)
__aeabi_f2uiz                                     c:/program files (x86)/atmel/studio/7.0/toolchain/arm/arm-gnu-toolchain/bin/../lib/gcc/arm-none-eabi/4.9.3/armv6-m\libgcc.a(_fixunssfsi.o)
                                                  src/main.o
__aeabi_fcmpeq                                    c:/program files (x86)/atmel/studio/7.0/toolchain/arm/arm-gnu-toolchain/bin/../lib/gcc/arm-none-eabi/4.9.3/armv6-m\libgcc.a(_arm_cmpsf2.o)
__aeabi_fcmpge                                    c:/program files (x86)/atmel/studio/7.0/toolchain/arm/arm-gnu-toolchain/bin/../lib/gcc/arm-none-eabi/4.9.3/armv6-m\libgcc.a(_arm_cmpsf2.o)
                                                  c:/program files (x86)/atmel/studio/7.0/toolchain/arm/arm-gnu-toolchain/bin/../lib/gcc/arm-none-eabi/4.9.3/armv6-m\libgcc.a(_fixunssfsi.o)
__aeabi_fcmpgt                                    c:/program files (x86)/atmel/studio/7.0/toolchain/arm/arm-gnu-toolchain/bin/../lib/gcc/arm-none-eabi/4.9.3/armv6-m\libgcc.a(_arm_cmpsf2.o)
__aeabi_fcmple                                    c:/program files (x86)/atmel/studio/7.0/toolchain/arm/arm-gnu-toolchain/bin/../lib/gcc/arm-none-eabi/4.9.3/armv6-m\libgcc.a(_arm_cmpsf2.o)
__aeabi_fcmplt                                    c:/program files (x86)/atmel/studio/7.0/toolchain/arm/arm-gnu-toolchain/bin/../lib/gcc/arm-none-eabi/4.9.3/armv6-m\libgcc.a(_arm_cmpsf2.o)
__aeabi_fdiv                                      c:/program files (x86)/atmel/studio/7.0/toolchain/arm/arm-gnu-toolchain/bin/../lib/gcc/arm-none-eabi/4.9.3/armv6-m\libgcc.a(divsf3.o)
                                                  src/main.o
__aeabi_fmul                                      c:/program files (x86)/atmel/studio/7.0/toolchain/arm/arm-gnu-toolchain/bin/../lib/gcc/arm-none-eabi/4.9.3/armv6-m\libgcc.a(mulsf3.o)
                                                  src/main.o
__aeabi_fsub                                      c:/program files (x86)/atmel/studio/7.0/toolchain/arm/arm-gnu-toolchain/bin/../lib/gcc/arm-none-eabi/4.9.3/armv6-m\libgcc.a(subsf3.o)
                                                  c:/program files (x86)/atmel/studio/7.0/toolchain/arm/arm-gnu-toolchain/bin/../lib/gcc/arm-none-eabi/4.9.3/armv6-m\libgcc.a(_fixunssfsi.o)
__aeabi_i2f                                       c:/program files (x86)/atmel/studio/7.0/toolchain/arm/arm-gnu-toolchain/bin/../lib/gcc/arm-none-eabi/4.9.3/armv6-m\libgcc.a(floatsisf.o)
                                                  src/main.o
__aeabi_idiv                                      c:/program files (x86)/atmel/studio/7.0/toolchain/arm/arm-gnu-toolchain/bin/../lib/gcc/arm-none-eabi/4.9.3/armv6-m\libgcc.a(_divsi3.o)
                                                  c:/program files (x86)/atmel/studio/7.0/toolchain/arm/arm-gnu-toolchain/bin/../lib/gcc/arm-none-eabi/4.9.3/../../../../arm-none-eabi/lib/armv6-m\libc_nano.a(lib_a-fvwrite.o)
__aeabi_idiv0                                     c:/program files (x86)/atmel/studio/7.0/toolchain/arm/arm-gnu-toolchain/bin/../lib/gcc/arm-none-eabi/4.9.3/armv6-m\libgcc.a(_dvmd_tls.o)
                                                  c:/program files (x86)/atmel/studio/7.0/toolchain/arm/arm-gnu-toolchain/bin/../lib/gcc/arm-none-eabi/4.9.3/armv6-m\libgcc.a(_divsi3.o)
                                                  c:/program files (x86)/atmel/studio/7.0/toolchain/arm/arm-gnu-toolchain/bin/../lib/gcc/arm-none-eabi/4.9.3/armv6-m\libgcc.a(_udivsi3.o)
__aeabi_idivmod                                   c:/program files (x86)/atmel/studio/7.0/toolchain/arm/arm-gnu-toolchain/bin/../lib/gcc/arm-none-eabi/4.9.3/armv6-m\libgcc.a(_divsi3.o)
__aeabi_ldiv0                                     c:/program files (x86)/atmel/studio/7.0/toolchain/arm/arm-gnu-toolchain/bin/../lib/gcc/arm-none-eabi/4.9.3/armv6-m\libgcc.a(_dvmd_tls.o)
__aeabi_lmul                                      c:/program files (x86)/atmel/studio/7.0/toolchain/arm/arm-gnu-toolchain/bin/../lib/gcc/arm-none-eabi/4.9.3/armv6-m\libgcc.a(_muldi3.o)
                                                  src/asf/sam0/drivers/sercom/sercom.o
__aeabi_uidiv                                     c:/program files (x86)/atmel/studio/7.0/toolchain/arm/arm-gnu-toolchain/bin/../lib/gcc/arm-none-eabi/4.9.3/armv6-m\libgcc.a(_udivsi3.o)
                                                  c:/program files (x86)/atmel/studio/7.0/toolchain/arm/arm-gnu-toolchain/bin/../lib/gcc/arm-none-eabi/4.9.3/../../../../arm-none-eabi/lib/armv6-m\libc_nano.a(lib_a-nano-vfprintf_i.o)
                                                  src/asf/sam0/drivers/system/clock/clock_samd21_r21_da/gclk.o
                                                  src/asf/sam0/drivers/system/clock/clock_samd21_r21_da/clock.o
__aeabi_uidivmod                                  c:/program files (x86)/atmel/studio/7.0/toolchain/arm/arm-gnu-toolchain/bin/../lib/gcc/arm-none-eabi/4.9.3/armv6-m\libgcc.a(_udivsi3.o)